Archive member included to satisfy reference by file (symbol)

C:/ST/STM32CubeIDE_1.13.1/STM32CubeIDE/plugins/com.st.stm32cube.ide.mcu.externaltools.gnu-tools-for-stm32.11.3.rel1.win32_1.1.0.202305231506/tools/bin/../lib/gcc/arm-none-eabi/11.3.1/../../../../arm-none-eabi/lib/thumb/v7e-m+fp/hard\libc_nano.a(libc_a-exit.o)
                              C:/ST/STM32CubeIDE_1.13.1/STM32CubeIDE/plugins/com.st.stm32cube.ide.mcu.externaltools.gnu-tools-for-stm32.11.3.rel1.win32_1.1.0.202305231506/tools/bin/../lib/gcc/arm-none-eabi/11.3.1/../../../../arm-none-eabi/lib/thumb/v7e-m+fp/hard/crt0.o (exit)
C:/ST/STM32CubeIDE_1.13.1/STM32CubeIDE/plugins/com.st.stm32cube.ide.mcu.externaltools.gnu-tools-for-stm32.11.3.rel1.win32_1.1.0.202305231506/tools/bin/../lib/gcc/arm-none-eabi/11.3.1/../../../../arm-none-eabi/lib/thumb/v7e-m+fp/hard\libc_nano.a(libc_a-findfp.o)
                              C:/ST/STM32CubeIDE_1.13.1/STM32CubeIDE/plugins/com.st.stm32cube.ide.mcu.externaltools.gnu-tools-for-stm32.11.3.rel1.win32_1.1.0.202305231506/tools/bin/../lib/gcc/arm-none-eabi/11.3.1/../../../../arm-none-eabi/lib/thumb/v7e-m+fp/hard\libc_nano.a(libc_a-exit.o) (__stdio_exit_handler)
C:/ST/STM32CubeIDE_1.13.1/STM32CubeIDE/plugins/com.st.stm32cube.ide.mcu.externaltools.gnu-tools-for-stm32.11.3.rel1.win32_1.1.0.202305231506/tools/bin/../lib/gcc/arm-none-eabi/11.3.1/../../../../arm-none-eabi/lib/thumb/v7e-m+fp/hard\libc_nano.a(libc_a-fwalk.o)
                              C:/ST/STM32CubeIDE_1.13.1/STM32CubeIDE/plugins/com.st.stm32cube.ide.mcu.externaltools.gnu-tools-for-stm32.11.3.rel1.win32_1.1.0.202305231506/tools/bin/../lib/gcc/arm-none-eabi/11.3.1/../../../../arm-none-eabi/lib/thumb/v7e-m+fp/hard\libc_nano.a(libc_a-findfp.o) (_fwalk_sglue)
C:/ST/STM32CubeIDE_1.13.1/STM32CubeIDE/plugins/com.st.stm32cube.ide.mcu.externaltools.gnu-tools-for-stm32.11.3.rel1.win32_1.1.0.202305231506/tools/bin/../lib/gcc/arm-none-eabi/11.3.1/../../../../arm-none-eabi/lib/thumb/v7e-m+fp/hard\libc_nano.a(libc_a-stdio.o)
                              C:/ST/STM32CubeIDE_1.13.1/STM32CubeIDE/plugins/com.st.stm32cube.ide.mcu.externaltools.gnu-tools-for-stm32.11.3.rel1.win32_1.1.0.202305231506/tools/bin/../lib/gcc/arm-none-eabi/11.3.1/../../../../arm-none-eabi/lib/thumb/v7e-m+fp/hard\libc_nano.a(libc_a-findfp.o) (__sread)
C:/ST/STM32CubeIDE_1.13.1/STM32CubeIDE/plugins/com.st.stm32cube.ide.mcu.externaltools.gnu-tools-for-stm32.11.3.rel1.win32_1.1.0.202305231506/tools/bin/../lib/gcc/arm-none-eabi/11.3.1/../../../../arm-none-eabi/lib/thumb/v7e-m+fp/hard\libc_nano.a(libc_a-memset.o)
                              C:/ST/STM32CubeIDE_1.13.1/STM32CubeIDE/plugins/com.st.stm32cube.ide.mcu.externaltools.gnu-tools-for-stm32.11.3.rel1.win32_1.1.0.202305231506/tools/bin/../lib/gcc/arm-none-eabi/11.3.1/../../../../arm-none-eabi/lib/thumb/v7e-m+fp/hard/crt0.o (memset)
C:/ST/STM32CubeIDE_1.13.1/STM32CubeIDE/plugins/com.st.stm32cube.ide.mcu.externaltools.gnu-tools-for-stm32.11.3.rel1.win32_1.1.0.202305231506/tools/bin/../lib/gcc/arm-none-eabi/11.3.1/../../../../arm-none-eabi/lib/thumb/v7e-m+fp/hard\libc_nano.a(libc_a-closer.o)
                              C:/ST/STM32CubeIDE_1.13.1/STM32CubeIDE/plugins/com.st.stm32cube.ide.mcu.externaltools.gnu-tools-for-stm32.11.3.rel1.win32_1.1.0.202305231506/tools/bin/../lib/gcc/arm-none-eabi/11.3.1/../../../../arm-none-eabi/lib/thumb/v7e-m+fp/hard\libc_nano.a(libc_a-stdio.o) (_close_r)
C:/ST/STM32CubeIDE_1.13.1/STM32CubeIDE/plugins/com.st.stm32cube.ide.mcu.externaltools.gnu-tools-for-stm32.11.3.rel1.win32_1.1.0.202305231506/tools/bin/../lib/gcc/arm-none-eabi/11.3.1/../../../../arm-none-eabi/lib/thumb/v7e-m+fp/hard\libc_nano.a(libc_a-reent.o)
                              C:/ST/STM32CubeIDE_1.13.1/STM32CubeIDE/plugins/com.st.stm32cube.ide.mcu.externaltools.gnu-tools-for-stm32.11.3.rel1.win32_1.1.0.202305231506/tools/bin/../lib/gcc/arm-none-eabi/11.3.1/../../../../arm-none-eabi/lib/thumb/v7e-m+fp/hard\libc_nano.a(libc_a-closer.o) (errno)
C:/ST/STM32CubeIDE_1.13.1/STM32CubeIDE/plugins/com.st.stm32cube.ide.mcu.externaltools.gnu-tools-for-stm32.11.3.rel1.win32_1.1.0.202305231506/tools/bin/../lib/gcc/arm-none-eabi/11.3.1/../../../../arm-none-eabi/lib/thumb/v7e-m+fp/hard\libc_nano.a(libc_a-impure.o)
                              C:/ST/STM32CubeIDE_1.13.1/STM32CubeIDE/plugins/com.st.stm32cube.ide.mcu.externaltools.gnu-tools-for-stm32.11.3.rel1.win32_1.1.0.202305231506/tools/bin/../lib/gcc/arm-none-eabi/11.3.1/../../../../arm-none-eabi/lib/thumb/v7e-m+fp/hard\libc_nano.a(libc_a-reent.o) (_impure_ptr)
C:/ST/STM32CubeIDE_1.13.1/STM32CubeIDE/plugins/com.st.stm32cube.ide.mcu.externaltools.gnu-tools-for-stm32.11.3.rel1.win32_1.1.0.202305231506/tools/bin/../lib/gcc/arm-none-eabi/11.3.1/../../../../arm-none-eabi/lib/thumb/v7e-m+fp/hard\libc_nano.a(libc_a-lseekr.o)
[...]
Memory Configuration

Name             Origin             Length             Attributes
RAM              0x0000000020000000 0x0000000000018000 xrw
FLASH            0x0000000008000000 0x0000000000080000 xr
*default*        0x0000000000000000 0xffffffffffffffff

Linker script and memory map

LOAD C:/ST/STM32CubeIDE_1.13.1/STM32CubeIDE/plugins/com.st.stm32cube.ide.mcu.externaltools.gnu-tools-for-stm32.11.3.rel1.win32_1.1.0.202305231506/tools/bin/../lib/gcc/arm-none-eabi/11.3.1/thumb/v7e-m+fp/hard/crti.o
LOAD C:/ST/STM32CubeIDE_1.13.1/STM32CubeIDE/plugins/com.st.stm32cube.ide.mcu.externaltools.gnu-tools-for-stm32.11.3.rel1.win32_1.1.0.202305231506/tools/bin/../lib/gcc/arm-none-eabi/11.3.1/thumb/v7e-m+fp/hard/crtbegin.o
LOAD C:/ST/STM32CubeIDE_1.13.1/STM32CubeIDE/plugins/com.st.stm32cube.ide.mcu.externaltools.gnu-tools-for-stm32.11.3.rel1.win32_1.1.0.202305231506/tools/bin/../lib/gcc/arm-none-eabi/11.3.1/../../../../arm-none-eabi/lib/thumb/v7e-m+fp/hard/crt0.o
LOAD ./Core/Src/PMDB16_LCD.o
LOAD ./Core/Src/main.o
LOAD ./Core/Src/stm32f4xx_hal_msp.o
LOAD ./Core/Src/stm32f4xx_it.o
LOAD ./Core/Src/syscalls.o
LOAD ./Core/Src/sysmem.o
LOAD ./Core/Src/system_stm32f4xx.o
LOAD ./Core/Startup/startup_stm32f401retx.o
LOAD ./Drivers/STM32F4xx_HAL_Driver/Src/stm32f4xx_hal.o
LOAD ./Drivers/STM32F4xx_HAL_Driver/Src/stm32f4xx_hal_cortex.o
LOAD ./Drivers/STM32F4xx_HAL_Driver/Src/stm32f4xx_hal_dma.o
LOAD ./Drivers/STM32F4xx_HAL_Driver/Src/stm32f4xx_hal_dma_ex.o
LOAD ./Drivers/STM32F4xx_HAL_Driver/Src/stm32f4xx_hal_exti.o
LOAD ./Drivers/STM32F4xx_HAL_Driver/Src/stm32f4xx_hal_flash.o
LOAD ./Drivers/STM32F4xx_HAL_Driver/Src/stm32f4xx_hal_flash_ex.o
LOAD ./Drivers/STM32F4xx_HAL_Driver/Src/stm32f4xx_hal_flash_ramfunc.o
LOAD ./Drivers/STM32F4xx_HAL_Driver/Src/stm32f4xx_hal_gpio.o
LOAD ./Drivers/STM32F4xx_HAL_Driver/Src/stm32f4xx_hal_pwr.o
LOAD ./Drivers/STM32F4xx_HAL_Driver/Src/stm32f4xx_hal_pwr_ex.o
LOAD ./Drivers/STM32F4xx_HAL_Driver/Src/stm32f4xx_hal_rcc.o
LOAD ./Drivers/STM32F4xx_HAL_Driver/Src/stm32f4xx_hal_rcc_ex.o
LOAD ./Drivers/STM32F4xx_HAL_Driver/Src/stm32f4xx_hal_spi.o
LOAD ./Drivers/STM32F4xx_HAL_Driver/Src/stm32f4xx_hal_tim.o
LOAD ./Drivers/STM32F4xx_HAL_Driver/Src/stm32f4xx_hal_tim_ex.o
LOAD ./Drivers/STM32F4xx_HAL_Driver/Src/stm32f4xx_hal_uart.o
START GROUP
LOAD C:/ST/STM32CubeIDE_1.13.1/STM32CubeIDE/plugins/com.st.stm32cube.ide.mcu.externaltools.gnu-tools-for-stm32.11.3.rel1.win32_1.1.0.202305231506/tools/bin/../lib/gcc/arm-none-eabi/11.3.1/../../../../arm-none-eabi/lib/thumb/v7e-m+fp/hard\libc_nano.a
LOAD C:/ST/STM32CubeIDE_1.13.1/STM32CubeIDE/plugins/com.st.stm32cube.ide.mcu.externaltools.gnu-tools-for-stm32.11.3.rel1.win32_1.1.0.202305231506/tools/bin/../lib/gcc/arm-none-eabi/11.3.1/../../../../arm-none-eabi/lib/thumb/v7e-m+fp/hard\libm.a
END GROUP
START GROUP
LOAD C:/ST/STM32CubeIDE_1.13.1/STM32CubeIDE/plugins/com.st.stm32cube.ide.mcu.externaltools.gnu-tools-for-stm32.11.3.rel1.win32_1.1.0.202305231506/tools/bin/../lib/gcc/arm-none-eabi/11.3.1/thumb/v7e-m+fp/hard\libgcc.a
LOAD C:/ST/STM32CubeIDE_1.13.1/STM32CubeIDE/plugins/com.st.stm32cube.ide.mcu.externaltools.gnu-tools-for-stm32.11.3.rel1.win32_1.1.0.202305231506/tools/bin/../lib/gcc/arm-none-eabi/11.3.1/../../../../arm-none-eabi/lib/thumb/v7e-m+fp/hard\libc_nano.a
END GROUP
START GROUP
LOAD C:/ST/STM32CubeIDE_1.13.1/STM32CubeIDE/plugins/com.st.stm32cube.ide.mcu.externaltools.gnu-tools-for-stm32.11.3.rel1.win32_1.1.0.202305231506/tools/bin/../lib/gcc/arm-none-eabi/11.3.1/thumb/v7e-m+fp/hard\libgcc.a
LOAD C:/ST/STM32CubeIDE_1.13.1/STM32CubeIDE/plugins/com.st.stm32cube.ide.mcu.externaltools.gnu-tools-for-stm32.11.3.rel1.win32_1.1.0.202305231506/tools/bin/../lib/gcc/arm-none-eabi/11.3.1/../../../../arm-none-eabi/lib/thumb/v7e-m+fp/hard\libc_nano.a
LOAD C:/ST/STM32CubeIDE_1.13.1/STM32CubeIDE/plugins/com.st.stm32cube.ide.mcu.externaltools.gnu-tools-for-stm32.11.3.rel1.win32_1.1.0.202305231506/tools/bin/../lib/gcc/arm-none-eabi/11.3.1/../../../../arm-none-eabi/lib/thumb/v7e-m+fp/hard\libnosys.a
END GROUP
START GROUP
LOAD C:/ST/STM32CubeIDE_1.13.1/STM32CubeIDE/plugins/com.st.stm32cube.ide.mcu.externaltools.gnu-tools-for-stm32.11.3.rel1.win32_1.1.0.202305231506/tools/bin/../lib/gcc/arm-none-eabi/11.3.1/thumb/v7e-m+fp/hard\libgcc.a
LOAD C:/ST/STM32CubeIDE_1.13.1/STM32CubeIDE/plugins/com.st.stm32cube.ide.mcu.externaltools.gnu-tools-for-stm32.11.3.rel1.win32_1.1.0.202305231506/tools/bin/../lib/gcc/arm-none-eabi/11.3.1/../../../../arm-none-eabi/lib/thumb/v7e-m+fp/hard\libc_nano.a
LOAD C:/ST/STM32CubeIDE_1.13.1/STM32CubeIDE/plugins/com.st.stm32cube.ide.mcu.externaltools.gnu-tools-for-stm32.11.3.rel1.win32_1.1.0.202305231506/tools/bin/../lib/gcc/arm-none-eabi/11.3.1/../../../../arm-none-eabi/lib/thumb/v7e-m+fp/hard\libnosys.a
END GROUP
LOAD C:/ST/STM32CubeIDE_1.13.1/STM32CubeIDE/plugins/com.st.stm32cube.ide.mcu.externaltools.gnu-tools-for-stm32.11.3.rel1.win32_1.1.0.202305231506/tools/bin/../lib/gcc/arm-none-eabi/11.3.1/thumb/v7e-m+fp/hard/crtend.o
LOAD C:/ST/STM32CubeIDE_1.13.1/STM32CubeIDE/plugins/com.st.stm32cube.ide.mcu.externaltools.gnu-tools-for-stm32.11.3.rel1.win32_1.1.0.202305231506/tools/bin/../lib/gcc/arm-none-eabi/11.3.1/thumb/v7e-m+fp/hard/crtn.o
                0x0000000020018000                _estack = (ORIGIN (RAM) + LENGTH (RAM))
                0x0000000000000200                _Min_Heap_Size = 0x200
                0x0000000000000400                _Min_Stack_Size = 0x400

.isr_vector     0x0000000008000000      0x194
                0x0000000008000000                . = ALIGN (0x4)
 *(.isr_vector)
 .isr_vector    0x0000000008000000      0x194 ./Core/Startup/startup_stm32f401retx.o
                0x0000000008000000                g_pfnVectors
                0x0000000008000194                . = ALIGN (0x4)

.text           0x0000000008000194     0x5730
                0x0000000008000194                . = ALIGN (0x4)
 *(.text)
 .text          0x0000000008000194       0x40 C:/ST/STM32CubeIDE_1.13.1/STM32CubeIDE/plugins/com.st.stm32cube.ide.mcu.externaltools.gnu-tools-for-stm32.11.3.rel1.win32_1.1.0.202305231506/tools/bin/../lib/gcc/arm-none-eabi/11.3.1/thumb/v7e-m+fp/hard/crtbegin.o
 .text          0x00000000080001d4       0x10 C:/ST/STM32CubeIDE_1.13.1/STM32CubeIDE/plugins/com.st.stm32cube.ide.mcu.externaltools.gnu-tools-for-stm32.11.3.rel1.win32_1.1.0.202305231506/tools/bin/../lib/gcc/arm-none-eabi/11.3.1/../../../../arm-none-eabi/lib/thumb/v7e-m+fp/hard\libc_nano.a(libc_a-strlen.o)
                0x00000000080001d4                strlen
 .text          0x00000000080001e4       0x30 C:/ST/STM32CubeIDE_1.13.1/STM32CubeIDE/plugins/com.st.stm32cube.ide.mcu.externaltools.gnu-tools-for-stm32.11.3.rel1.win32_1.1.0.202305231506/tools/bin/../lib/gcc/arm-none-eabi/11.3.1/thumb/v7e-m+fp/hard\libgcc.a(_aeabi_uldivmod.o)
                0x00000000080001e4                __aeabi_uldivmod
 .text          0x0000000008000214      0x2c8 C:/ST/STM32CubeIDE_1.13.1/STM32CubeIDE/plugins/com.st.stm32cube.ide.mcu.externaltools.gnu-tools-for-stm32.11.3.rel1.win32_1.1.0.202305231506/tools/bin/../lib/gcc/arm-none-eabi/11.3.1/thumb/v7e-m+fp/hard\libgcc.a(_udivmoddi4.o)
                0x0000000008000214                __udivmoddi4
 .text          0x00000000080004dc        0x4 C:/ST/STM32CubeIDE_1.13.1/STM32CubeIDE/plugins/com.st.stm32cube.ide.mcu.externaltools.gnu-tools-for-stm32.11.3.rel1.win32_1.1.0.202305231506/tools/bin/../lib/gcc/arm-none-eabi/11.3.1/thumb/v7e-m+fp/hard\libgcc.a(_dvmd_tls.o)
                0x00000000080004dc                __aeabi_idiv0
                0x00000000080004dc                __aeabi_ldiv0
 *(.text*)
 .text.DWT_Delay_Init
                0x00000000080004e0       0x60 ./Core/Src/PMDB16_LCD.o
                0x00000000080004e0                DWT_Delay_Init
 .text.DWT_Delay_us
                0x0000000008000540       0x50 ./Core/Src/PMDB16_LCD.o
                0x0000000008000540                DWT_Delay_us
 .text.lcd_enable
                0x0000000008000590       0x2c ./Core/Src/PMDB16_LCD.o
                0x0000000008000590                lcd_enable
 .text.lcd_write4
                0x00000000080005bc       0x78 ./Core/Src/PMDB16_LCD.o
                0x00000000080005bc                lcd_write4
 .text.lcd_write
                0x0000000008000634       0x26 ./Core/Src/PMDB16_LCD.o
                0x0000000008000634                lcd_write
 *fill*         0x000000000800065a        0x2 
 .text.lcd_command
                0x000000000800065c       0x28 ./Core/Src/PMDB16_LCD.o
                0x000000000800065c                lcd_command
 .text.lcd_data
                0x0000000008000684       0x28 ./Core/Src/PMDB16_LCD.o
                0x0000000008000684                lcd_data
 .text.setCursor
                0x00000000080006ac       0x4a ./Core/Src/PMDB16_LCD.o
                0x00000000080006ac                setCursor
 .text.lcd_print
                0x00000000080006f6       0x36 ./Core/Src/PMDB16_LCD.o
                0x00000000080006f6                lcd_print
 .text.lcd_println
                0x000000000800072c       0x70 ./Core/Src/PMDB16_LCD.o
                0x000000000800072c                lcd_println
 .text.writeCustomChar
                0x000000000800079c       0x52 ./Core/Src/PMDB16_LCD.o
                0x000000000800079c                writeCustomChar
 *fill*         0x00000000080007ee        0x2 
 .text.loadCustomChars
                0x00000000080007f0       0x44 ./Core/Src/PMDB16_LCD.o
                0x00000000080007f0                loadCustomChars
 .text.lcd_initialize
                0x0000000008000834       0xac ./Core/Src/PMDB16_LCD.o
                0x0000000008000834                lcd_initialize
 .text.lcd_backlight_ON
                0x00000000080008e0       0x18 ./Core/Src/PMDB16_LCD.o
                0x00000000080008e0                lcd_backlight_ON
 .text.copyAndInvertBits
                0x00000000080008f8       0x46 ./Core/Src/main.o
                0x00000000080008f8                copyAndInvertBits
 *fill*         0x000000000800093e        0x2 
 .text.IR_UART_Setup
                0x0000000008000940       0x20 ./Core/Src/main.o
                0x0000000008000940                IR_UART_Setup
 .text.IR_UART_Transmit
                0x0000000008000960       0x8c ./Core/Src/main.o
                0x0000000008000960                IR_UART_Transmit
 .text.debounce
                0x00000000080009ec       0x48 ./Core/Src/main.o
                0x00000000080009ec                debounce
 .text.scan_column
                0x0000000008000a34       0x70 ./Core/Src/main.o
                0x0000000008000a34                scan_column
 .text.scan_row
                0x0000000008000aa4       0xa4 ./Core/Src/main.o
                0x0000000008000aa4                scan_row
 .text.check_and_transmit_key
                0x0000000008000b48       0x64 ./Core/Src/main.o
                0x0000000008000b48                check_and_transmit_key
 .text.longpress_check
                0x0000000008000bac       0xe8 ./Core/Src/main.o
                0x0000000008000bac                longpress_check
 .text.buffer_cpy
                0x0000000008000c94       0x54 ./Core/Src/main.o
                0x0000000008000c94                buffer_cpy
 .text.draw_matrix_letter
                0x0000000008000ce8       0x28 ./Core/Src/main.o
                0x0000000008000ce8                draw_matrix_letter
 .text.handleReceivedLetter
                0x0000000008000d10       0x60 ./Core/Src/main.o
                0x0000000008000d10                handleReceivedLetter
 .text.HAL_SPI_TxCpltCallback
                0x0000000008000d70       0x48 ./Core/Src/main.o
                0x0000000008000d70                HAL_SPI_TxCpltCallback
 .text.HAL_UART_RxCpltCallback
                0x0000000008000db8       0x3c ./Core/Src/main.o
                0x0000000008000db8                HAL_UART_RxCpltCallback
 .text.HAL_TIM_PeriodElapsedCallback
                0x0000000008000df4       0x94 ./Core/Src/main.o
                0x0000000008000df4                HAL_TIM_PeriodElapsedCallback
 .text.main     0x0000000008000e88       0xa0 ./Core/Src/main.o
                0x0000000008000e88                main
 .text.SystemClock_Config
                0x0000000008000f28       0xd8 ./Core/Src/main.o
                0x0000000008000f28                SystemClock_Config
 .text.MX_SPI1_Init
                0x0000000008001000       0x6c ./Core/Src/main.o
 .text.MX_TIM2_Init
                0x000000000800106c       0xe8 ./Core/Src/main.o
 .text.MX_TIM3_Init
                0x0000000008001154       0x9c ./Core/Src/main.o
 .text.MX_TIM4_Init
                0x00000000080011f0       0x9c ./Core/Src/main.o
 .text.MX_TIM5_Init
                0x000000000800128c       0x9c ./Core/Src/main.o
 .text.MX_TIM9_Init
                0x0000000008001328       0x74 ./Core/Src/main.o
 .text.MX_TIM10_Init
                0x000000000800139c       0x48 ./Core/Src/main.o
 .text.MX_USART1_UART_Init
                0x00000000080013e4       0x54 ./Core/Src/main.o
 .text.MX_USART2_UART_Init
                0x0000000008001438       0x54 ./Core/Src/main.o
 .text.MX_DMA_Init
                0x000000000800148c       0x40 ./Core/Src/main.o
 .text.MX_GPIO_Init
                0x00000000080014cc      0x134 ./Core/Src/main.o
 .text.Error_Handler
                0x0000000008001600        0xa ./Core/Src/main.o
                0x0000000008001600                Error_Handler
 *fill*         0x000000000800160a        0x2 
 .text.HAL_MspInit
                0x000000000800160c       0x50 ./Core/Src/stm32f4xx_hal_msp.o
                0x000000000800160c                HAL_MspInit
 .text.HAL_SPI_MspInit
                0x000000000800165c       0xf4 ./Core/Src/stm32f4xx_hal_msp.o
                0x000000000800165c                HAL_SPI_MspInit
 .text.HAL_TIM_Base_MspInit
                0x0000000008001750      0x168 ./Core/Src/stm32f4xx_hal_msp.o
                0x0000000008001750                HAL_TIM_Base_MspInit
 .text.HAL_TIM_MspPostInit
                0x00000000080018b8       0x70 ./Core/Src/stm32f4xx_hal_msp.o
                0x00000000080018b8                HAL_TIM_MspPostInit
 .text.HAL_UART_MspInit
                0x0000000008001928      0x108 ./Core/Src/stm32f4xx_hal_msp.o
                0x0000000008001928                HAL_UART_MspInit
 .text.NMI_Handler
                0x0000000008001a30        0x6 ./Core/Src/stm32f4xx_it.o
                0x0000000008001a30                NMI_Handler
 .text.HardFault_Handler
                0x0000000008001a36        0x6 ./Core/Src/stm32f4xx_it.o
                0x0000000008001a36                HardFault_Handler
 .text.MemManage_Handler
                0x0000000008001a3c        0x6 ./Core/Src/stm32f4xx_it.o
                0x0000000008001a3c                MemManage_Handler
 .text.BusFault_Handler
                0x0000000008001a42        0x6 ./Core/Src/stm32f4xx_it.o
                0x0000000008001a42                BusFault_Handler
 .text.UsageFault_Handler
                0x0000000008001a48        0x6 ./Core/Src/stm32f4xx_it.o
                0x0000000008001a48                UsageFault_Handler
 .text.SVC_Handler
                0x0000000008001a4e        0xe ./Core/Src/stm32f4xx_it.o
                0x0000000008001a4e                SVC_Handler
 .text.DebugMon_Handler
                0x0000000008001a5c        0xe ./Core/Src/stm32f4xx_it.o
                0x0000000008001a5c                DebugMon_Handler
 .text.PendSV_Handler
                0x0000000008001a6a        0xe ./Core/Src/stm32f4xx_it.o
                0x0000000008001a6a                PendSV_Handler
 .text.SysTick_Handler
                0x0000000008001a78        0xc ./Core/Src/stm32f4xx_it.o
                0x0000000008001a78                SysTick_Handler
 .text.TIM1_BRK_TIM9_IRQHandler
                0x0000000008001a84       0x14 ./Core/Src/stm32f4xx_it.o
                0x0000000008001a84                TIM1_BRK_TIM9_IRQHandler
 .text.TIM1_UP_TIM10_IRQHandler
                0x0000000008001a98       0x14 ./Core/Src/stm32f4xx_it.o
                0x0000000008001a98                TIM1_UP_TIM10_IRQHandler
 .text.TIM3_IRQHandler
                0x0000000008001aac       0x14 ./Core/Src/stm32f4xx_it.o
                0x0000000008001aac                TIM3_IRQHandler
 .text.TIM4_IRQHandler
                0x0000000008001ac0       0x14 ./Core/Src/stm32f4xx_it.o
                0x0000000008001ac0                TIM4_IRQHandler
 .text.USART1_IRQHandler
                0x0000000008001ad4       0x14 ./Core/Src/stm32f4xx_it.o
                0x0000000008001ad4                USART1_IRQHandler
 .text.TIM5_IRQHandler
                0x0000000008001ae8       0x14 ./Core/Src/stm32f4xx_it.o
                0x0000000008001ae8                TIM5_IRQHandler
 .text.DMA2_Stream3_IRQHandler
                0x0000000008001afc       0x14 ./Core/Src/stm32f4xx_it.o
                0x0000000008001afc                DMA2_Stream3_IRQHandler
 .text.SystemInit
                0x0000000008001b10       0x24 ./Core/Src/system_stm32f4xx.o
                0x0000000008001b10                SystemInit
 .text.Reset_Handler
                0x0000000008001b34       0x50 ./Core/Startup/startup_stm32f401retx.o
                0x0000000008001b34                Reset_Handler
 .text.Default_Handler
                0x0000000008001b84        0x2 ./Core/Startup/startup_stm32f401retx.o
                0x0000000008001b84                RTC_Alarm_IRQHandler
                0x0000000008001b84                EXTI2_IRQHandler
                0x0000000008001b84                SPI4_IRQHandler
                0x0000000008001b84                TIM1_CC_IRQHandler
                0x0000000008001b84                DMA2_Stream5_IRQHandler
                0x0000000008001b84                DMA1_Stream5_IRQHandler
                0x0000000008001b84                PVD_IRQHandler
                0x0000000008001b84                SDIO_IRQHandler
                0x0000000008001b84                TAMP_STAMP_IRQHandler
                0x0000000008001b84                EXTI3_IRQHandler
                0x0000000008001b84                I2C3_ER_IRQHandler
                0x0000000008001b84                EXTI0_IRQHandler
                0x0000000008001b84                I2C2_EV_IRQHandler
                0x0000000008001b84                DMA1_Stream2_IRQHandler
                0x0000000008001b84                FPU_IRQHandler
                0x0000000008001b84                DMA2_Stream2_IRQHandler
                0x0000000008001b84                SPI1_IRQHandler
                0x0000000008001b84                USART6_IRQHandler
                0x0000000008001b84                DMA2_Stream0_IRQHandler
                0x0000000008001b84                I2C1_EV_IRQHandler
                0x0000000008001b84                DMA1_Stream6_IRQHandler
                0x0000000008001b84                DMA1_Stream1_IRQHandler
                0x0000000008001b84                RCC_IRQHandler
                0x0000000008001b84                Default_Handler
                0x0000000008001b84                EXTI15_10_IRQHandler
                0x0000000008001b84                ADC_IRQHandler
                0x0000000008001b84                DMA1_Stream7_IRQHandler
                0x0000000008001b84                DMA2_Stream7_IRQHandler
                0x0000000008001b84                I2C3_EV_IRQHandler
                0x0000000008001b84                EXTI9_5_IRQHandler
                0x0000000008001b84                RTC_WKUP_IRQHandler
                0x0000000008001b84                SPI2_IRQHandler
                0x0000000008001b84                DMA1_Stream0_IRQHandler
                0x0000000008001b84                EXTI4_IRQHandler
                0x0000000008001b84                WWDG_IRQHandler
                0x0000000008001b84                TIM2_IRQHandler
                0x0000000008001b84                OTG_FS_WKUP_IRQHandler
                0x0000000008001b84                TIM1_TRG_COM_TIM11_IRQHandler
                0x0000000008001b84                EXTI1_IRQHandler
                0x0000000008001b84                USART2_IRQHandler
                0x0000000008001b84                I2C2_ER_IRQHandler
                0x0000000008001b84                DMA2_Stream1_IRQHandler
                0x0000000008001b84                FLASH_IRQHandler
                0x0000000008001b84                DMA2_Stream4_IRQHandler
                0x0000000008001b84                OTG_FS_IRQHandler
                0x0000000008001b84                SPI3_IRQHandler
                0x0000000008001b84                DMA1_Stream4_IRQHandler
                0x0000000008001b84                I2C1_ER_IRQHandler
                0x0000000008001b84                DMA2_Stream6_IRQHandler
                0x0000000008001b84                DMA1_Stream3_IRQHandler
 *fill*         0x0000000008001b86        0x2 
 .text.HAL_Init
                0x0000000008001b88       0x44 ./Drivers/STM32F4xx_HAL_Driver/Src/stm32f4xx_hal.o
                0x0000000008001b88                HAL_Init
 .text.HAL_InitTick
                0x0000000008001bcc       0x60 ./Drivers/STM32F4xx_HAL_Driver/Src/stm32f4xx_hal.o
                0x0000000008001bcc                HAL_InitTick
 .text.HAL_IncTick
                0x0000000008001c2c       0x28 ./Drivers/STM32F4xx_HAL_Driver/Src/stm32f4xx_hal.o
                0x0000000008001c2c                HAL_IncTick
 .text.HAL_GetTick
                0x0000000008001c54       0x18 ./Drivers/STM32F4xx_HAL_Driver/Src/stm32f4xx_hal.o
                0x0000000008001c54                HAL_GetTick
 .text.HAL_Delay
                0x0000000008001c6c       0x48 ./Drivers/STM32F4xx_HAL_Driver/Src/stm32f4xx_hal.o
                0x0000000008001c6c                HAL_Delay
 .text.__NVIC_SetPriorityGrouping
                0x0000000008001cb4       0x48 ./Drivers/STM32F4xx_HAL_Driver/Src/stm32f4xx_hal_cortex.o
 .text.__NVIC_GetPriorityGrouping
                0x0000000008001cfc       0x1c ./Drivers/STM32F4xx_HAL_Driver/Src/stm32f4xx_hal_cortex.o
 .text.__NVIC_EnableIRQ
                0x0000000008001d18       0x3c ./Drivers/STM32F4xx_HAL_Driver/Src/stm32f4xx_hal_cortex.o
 .text.__NVIC_SetPriority
                0x0000000008001d54       0x54 ./Drivers/STM32F4xx_HAL_Driver/Src/stm32f4xx_hal_cortex.o
 .text.NVIC_EncodePriority
                0x0000000008001da8       0x66 ./Drivers/STM32F4xx_HAL_Driver/Src/stm32f4xx_hal_cortex.o
 *fill*         0x0000000008001e0e        0x2 
 .text.SysTick_Config
                0x0000000008001e10       0x44 ./Drivers/STM32F4xx_HAL_Driver/Src/stm32f4xx_hal_cortex.o
 .text.HAL_NVIC_SetPriorityGrouping
                0x0000000008001e54       0x16 ./Drivers/STM32F4xx_HAL_Driver/Src/stm32f4xx_hal_cortex.o
                0x0000000008001e54                HAL_NVIC_SetPriorityGrouping
 .text.HAL_NVIC_SetPriority
                0x0000000008001e6a       0x38 ./Drivers/STM32F4xx_HAL_Driver/Src/stm32f4xx_hal_cortex.o
                0x0000000008001e6a                HAL_NVIC_SetPriority
 .text.HAL_NVIC_EnableIRQ
                0x0000000008001ea2       0x1c ./Drivers/STM32F4xx_HAL_Driver/Src/stm32f4xx_hal_cortex.o
                0x0000000008001ea2                HAL_NVIC_EnableIRQ
 .text.HAL_SYSTICK_Config
                0x0000000008001ebe       0x18 ./Drivers/STM32F4xx_HAL_Driver/Src/stm32f4xx_hal_cortex.o
                0x0000000008001ebe                HAL_SYSTICK_Config
 *fill*         0x0000000008001ed6        0x2 
 .text.HAL_DMA_Init
                0x0000000008001ed8      0x15c ./Drivers/STM32F4xx_HAL_Driver/Src/stm32f4xx_hal_dma.o
                0x0000000008001ed8                HAL_DMA_Init
 .text.HAL_DMA_Start_IT
                0x0000000008002034       0xb0 ./Drivers/STM32F4xx_HAL_Driver/Src/stm32f4xx_hal_dma.o
                0x0000000008002034                HAL_DMA_Start_IT
 .text.HAL_DMA_Abort
                0x00000000080020e4       0xe0 ./Drivers/STM32F4xx_HAL_Driver/Src/stm32f4xx_hal_dma.o
                0x00000000080020e4                HAL_DMA_Abort
 .text.HAL_DMA_Abort_IT
                0x00000000080021c4       0x44 ./Drivers/STM32F4xx_HAL_Driver/Src/stm32f4xx_hal_dma.o
                0x00000000080021c4                HAL_DMA_Abort_IT
 .text.HAL_DMA_IRQHandler
                0x0000000008002208      0x314 ./Drivers/STM32F4xx_HAL_Driver/Src/stm32f4xx_hal_dma.o
                0x0000000008002208                HAL_DMA_IRQHandler
 .text.DMA_SetConfig
                0x000000000800251c       0x5c ./Drivers/STM32F4xx_HAL_Driver/Src/stm32f4xx_hal_dma.o
 .text.DMA_CalcBaseAndBitshift
                0x0000000008002578       0x6c ./Drivers/STM32F4xx_HAL_Driver/Src/stm32f4xx_hal_dma.o
 .text.DMA_CheckFifoParam
                0x00000000080025e4       0xf8 ./Drivers/STM32F4xx_HAL_Driver/Src/stm32f4xx_hal_dma.o
 .text.HAL_GPIO_Init
                0x00000000080026dc      0x308 ./Drivers/STM32F4xx_HAL_Driver/Src/stm32f4xx_hal_gpio.o
                0x00000000080026dc                HAL_GPIO_Init
 .text.HAL_GPIO_ReadPin
                0x00000000080029e4       0x30 ./Drivers/STM32F4xx_HAL_Driver/Src/stm32f4xx_hal_gpio.o
                0x00000000080029e4                HAL_GPIO_ReadPin
 .text.HAL_GPIO_WritePin
                0x0000000008002a14       0x32 ./Drivers/STM32F4xx_HAL_Driver/Src/stm32f4xx_hal_gpio.o
                0x0000000008002a14                HAL_GPIO_WritePin
 *fill*         0x0000000008002a46        0x2 
 .text.HAL_RCC_OscConfig
                0x0000000008002a48      0x4f0 ./Drivers/STM32F4xx_HAL_Driver/Src/stm32f4xx_hal_rcc.o
                0x0000000008002a48                HAL_RCC_OscConfig
 .text.HAL_RCC_ClockConfig
                0x0000000008002f38      0x1cc ./Drivers/STM32F4xx_HAL_Driver/Src/stm32f4xx_hal_rcc.o
                0x0000000008002f38                HAL_RCC_ClockConfig
 .text.HAL_RCC_GetSysClockFreq
                0x0000000008003104      0x20c ./Drivers/STM32F4xx_HAL_Driver/Src/stm32f4xx_hal_rcc.o
                0x0000000008003104                HAL_RCC_GetSysClockFreq
 .text.HAL_RCC_GetHCLKFreq
                0x0000000008003310       0x18 ./Drivers/STM32F4xx_HAL_Driver/Src/stm32f4xx_hal_rcc.o
                0x0000000008003310                HAL_RCC_GetHCLKFreq
 .text.HAL_RCC_GetPCLK1Freq
                0x0000000008003328       0x28 ./Drivers/STM32F4xx_HAL_Driver/Src/stm32f4xx_hal_rcc.o
                0x0000000008003328                HAL_RCC_GetPCLK1Freq
 .text.HAL_RCC_GetPCLK2Freq
                0x0000000008003350       0x28 ./Drivers/STM32F4xx_HAL_Driver/Src/stm32f4xx_hal_rcc.o
                0x0000000008003350                HAL_RCC_GetPCLK2Freq
 .text.HAL_SPI_Init
                0x0000000008003378      0x112 ./Drivers/STM32F4xx_HAL_Driver/Src/stm32f4xx_hal_spi.o
                0x0000000008003378                HAL_SPI_Init
 *fill*         0x000000000800348a        0x2 
 .text.HAL_SPI_Transmit_DMA
                0x000000000800348c      0x16c ./Drivers/STM32F4xx_HAL_Driver/Src/stm32f4xx_hal_spi.o
                0x000000000800348c                HAL_SPI_Transmit_DMA
 .text.HAL_SPI_TxHalfCpltCallback
                0x00000000080035f8       0x14 ./Drivers/STM32F4xx_HAL_Driver/Src/stm32f4xx_hal_spi.o
                0x00000000080035f8                HAL_SPI_TxHalfCpltCallback
 .text.HAL_SPI_ErrorCallback
                0x000000000800360c       0x14 ./Drivers/STM32F4xx_HAL_Driver/Src/stm32f4xx_hal_spi.o
                0x000000000800360c                HAL_SPI_ErrorCallback
 .text.SPI_DMATransmitCplt
                0x0000000008003620       0xa8 ./Drivers/STM32F4xx_HAL_Driver/Src/stm32f4xx_hal_spi.o
 .text.SPI_DMAHalfTransmitCplt
                0x00000000080036c8       0x1c ./Drivers/STM32F4xx_HAL_Driver/Src/stm32f4xx_hal_spi.o
 .text.SPI_DMAError
                0x00000000080036e4       0x40 ./Drivers/STM32F4xx_HAL_Driver/Src/stm32f4xx_hal_spi.o
 .text.SPI_WaitFlagStateUntilTimeout
                0x0000000008003724      0x110 ./Drivers/STM32F4xx_HAL_Driver/Src/stm32f4xx_hal_spi.o
 .text.SPI_EndRxTxTransaction
                0x0000000008003834       0x84 ./Drivers/STM32F4xx_HAL_Driver/Src/stm32f4xx_hal_spi.o
 .text.HAL_TIM_Base_Init
                0x00000000080038b8       0x9e ./Drivers/STM32F4xx_HAL_Driver/Src/stm32f4xx_hal_tim.o
                0x00000000080038b8                HAL_TIM_Base_Init
 *fill*         0x0000000008003956        0x2 
 .text.HAL_TIM_Base_Start_IT
                0x0000000008003958       0xc4 ./Drivers/STM32F4xx_HAL_Driver/Src/stm32f4xx_hal_tim.o
                0x0000000008003958                HAL_TIM_Base_Start_IT
 .text.HAL_TIM_Base_Stop_IT
                0x0000000008003a1c       0x5e ./Drivers/STM32F4xx_HAL_Driver/Src/stm32f4xx_hal_tim.o
                0x0000000008003a1c                HAL_TIM_Base_Stop_IT
 .text.HAL_TIM_PWM_Init
                0x0000000008003a7a       0x9e ./Drivers/STM32F4xx_HAL_Driver/Src/stm32f4xx_hal_tim.o
                0x0000000008003a7a                HAL_TIM_PWM_Init
 .text.HAL_TIM_PWM_MspInit
                0x0000000008003b18       0x14 ./Drivers/STM32F4xx_HAL_Driver/Src/stm32f4xx_hal_tim.o
                0x0000000008003b18                HAL_TIM_PWM_MspInit
 .text.HAL_TIM_PWM_Start
                0x0000000008003b2c      0x160 ./Drivers/STM32F4xx_HAL_Driver/Src/stm32f4xx_hal_tim.o
                0x0000000008003b2c                HAL_TIM_PWM_Start
 .text.HAL_TIM_PWM_Stop
                0x0000000008003c8c       0xc8 ./Drivers/STM32F4xx_HAL_Driver/Src/stm32f4xx_hal_tim.o
                0x0000000008003c8c                HAL_TIM_PWM_Stop
 .text.HAL_TIM_IRQHandler
                0x0000000008003d54      0x210 ./Drivers/STM32F4xx_HAL_Driver/Src/stm32f4xx_hal_tim.o
                0x0000000008003d54                HAL_TIM_IRQHandler
 .text.HAL_TIM_PWM_ConfigChannel
                0x0000000008003f64      0x184 ./Drivers/STM32F4xx_HAL_Driver/Src/stm32f4xx_hal_tim.o
                0x0000000008003f64                HAL_TIM_PWM_ConfigChannel
 .text.HAL_TIM_ConfigClockSource
                0x00000000080040e8      0x18e ./Drivers/STM32F4xx_HAL_Driver/Src/stm32f4xx_hal_tim.o
                0x00000000080040e8                HAL_TIM_ConfigClockSource
 .text.HAL_TIM_OC_DelayElapsedCallback
                0x0000000008004276       0x14 ./Drivers/STM32F4xx_HAL_Driver/Src/stm32f4xx_hal_tim.o
                0x0000000008004276                HAL_TIM_OC_DelayElapsedCallback
 .text.HAL_TIM_IC_CaptureCallback
                0x000000000800428a       0x14 ./Drivers/STM32F4xx_HAL_Driver/Src/stm32f4xx_hal_tim.o
                0x000000000800428a                HAL_TIM_IC_CaptureCallback
 .text.HAL_TIM_PWM_PulseFinishedCallback
                0x000000000800429e       0x14 ./Drivers/STM32F4xx_HAL_Driver/Src/stm32f4xx_hal_tim.o
                0x000000000800429e                HAL_TIM_PWM_PulseFinishedCallback
 .text.HAL_TIM_TriggerCallback
                0x00000000080042b2       0x14 ./Drivers/STM32F4xx_HAL_Driver/Src/stm32f4xx_hal_tim.o
                0x00000000080042b2                HAL_TIM_TriggerCallback
 *fill*         0x00000000080042c6        0x2 
 .text.TIM_Base_SetConfig
                0x00000000080042c8      0x100 ./Drivers/STM32F4xx_HAL_Driver/Src/stm32f4xx_hal_tim.o
                0x00000000080042c8                TIM_Base_SetConfig
 .text.TIM_OC1_SetConfig
                0x00000000080043c8       0xcc ./Drivers/STM32F4xx_HAL_Driver/Src/stm32f4xx_hal_tim.o
 .text.TIM_OC2_SetConfig
                0x0000000008004494       0xd8 ./Drivers/STM32F4xx_HAL_Driver/Src/stm32f4xx_hal_tim.o
                0x0000000008004494                TIM_OC2_SetConfig
 .text.TIM_OC3_SetConfig
                0x000000000800456c       0xd4 ./Drivers/STM32F4xx_HAL_Driver/Src/stm32f4xx_hal_tim.o
 .text.TIM_OC4_SetConfig
                0x0000000008004640       0xa0 ./Drivers/STM32F4xx_HAL_Driver/Src/stm32f4xx_hal_tim.o
 .text.TIM_TI1_ConfigInputStage
                0x00000000080046e0       0x5e ./Drivers/STM32F4xx_HAL_Driver/Src/stm32f4xx_hal_tim.o
 .text.TIM_TI2_ConfigInputStage
                0x000000000800473e       0x60 ./Drivers/STM32F4xx_HAL_Driver/Src/stm32f4xx_hal_tim.o
 .text.TIM_ITRx_SetConfig
                0x000000000800479e       0x36 ./Drivers/STM32F4xx_HAL_Driver/Src/stm32f4xx_hal_tim.o
 .text.TIM_ETR_SetConfig
                0x00000000080047d4       0x40 ./Drivers/STM32F4xx_HAL_Driver/Src/stm32f4xx_hal_tim.o
                0x00000000080047d4                TIM_ETR_SetConfig
 .text.TIM_CCxChannelCmd
                0x0000000008004814       0x4a ./Drivers/STM32F4xx_HAL_Driver/Src/stm32f4xx_hal_tim.o
                0x0000000008004814                TIM_CCxChannelCmd
 *fill*         0x000000000800485e        0x2 
 .text.HAL_TIMEx_MasterConfigSynchronization
                0x0000000008004860       0xdc ./Drivers/STM32F4xx_HAL_Driver/Src/stm32f4xx_hal_tim_ex.o
                0x0000000008004860                HAL_TIMEx_MasterConfigSynchronization
 .text.HAL_TIMEx_CommutCallback
                0x000000000800493c       0x14 ./Drivers/STM32F4xx_HAL_Driver/Src/stm32f4xx_hal_tim_ex.o
                0x000000000800493c                HAL_TIMEx_CommutCallback
 .text.HAL_TIMEx_BreakCallback
                0x0000000008004950       0x14 ./Drivers/STM32F4xx_HAL_Driver/Src/stm32f4xx_hal_tim_ex.o
                0x0000000008004950                HAL_TIMEx_BreakCallback
 .text.HAL_UART_Init
                0x0000000008004964       0x9a ./Drivers/STM32F4xx_HAL_Driver/Src/stm32f4xx_hal_uart.o
                0x0000000008004964                HAL_UART_Init
 .text.HAL_UART_Receive_IT
                0x00000000080049fe       0x60 ./Drivers/STM32F4xx_HAL_Driver/Src/stm32f4xx_hal_uart.o
                0x00000000080049fe                HAL_UART_Receive_IT
 *fill*         0x0000000008004a5e        0x2 
 .text.HAL_UART_IRQHandler
                0x0000000008004a60      0x51c ./Drivers/STM32F4xx_HAL_Driver/Src/stm32f4xx_hal_uart.o
                0x0000000008004a60                HAL_UART_IRQHandler
 .text.HAL_UART_TxCpltCallback
                0x0000000008004f7c       0x14 ./Drivers/STM32F4xx_HAL_Driver/Src/stm32f4xx_hal_uart.o
                0x0000000008004f7c                HAL_UART_TxCpltCallback
 .text.HAL_UART_ErrorCallback
                0x0000000008004f90       0x14 ./Drivers/STM32F4xx_HAL_Driver/Src/stm32f4xx_hal_uart.o
                0x0000000008004f90                HAL_UART_ErrorCallback
 .text.HAL_UARTEx_RxEventCallback
                0x0000000008004fa4       0x18 ./Drivers/STM32F4xx_HAL_Driver/Src/stm32f4xx_hal_uart.o
                0x0000000008004fa4                HAL_UARTEx_RxEventCallback
 .text.UART_Start_Receive_IT
                0x0000000008004fbc       0x7c ./Drivers/STM32F4xx_HAL_Driver/Src/stm32f4xx_hal_uart.o
                0x0000000008004fbc                UART_Start_Receive_IT
 .text.UART_EndRxTransfer
                0x0000000008005038       0xc6 ./Drivers/STM32F4xx_HAL_Driver/Src/stm32f4xx_hal_uart.o
 .text.UART_DMAAbortOnError
                0x00000000080050fe       0x28 ./Drivers/STM32F4xx_HAL_Driver/Src/stm32f4xx_hal_uart.o
 .text.UART_Transmit_IT
                0x0000000008005126       0xa0 ./Drivers/STM32F4xx_HAL_Driver/Src/stm32f4xx_hal_uart.o
 .text.UART_EndTransmit_IT
                0x00000000080051c6       0x30 ./Drivers/STM32F4xx_HAL_Driver/Src/stm32f4xx_hal_uart.o
 .text.UART_Receive_IT
                0x00000000080051f6      0x176 ./Drivers/STM32F4xx_HAL_Driver/Src/stm32f4xx_hal_uart.o
 .text.UART_SetConfig
                0x000000000800536c      0x4e8 ./Drivers/STM32F4xx_HAL_Driver/Src/stm32f4xx_hal_uart.o
 .text.memset   0x0000000008005854       0x10 C:/ST/STM32CubeIDE_1.13.1/STM32CubeIDE/plugins/com.st.stm32cube.ide.mcu.externaltools.gnu-tools-for-stm32.11.3.rel1.win32_1.1.0.202305231506/tools/bin/../lib/gcc/arm-none-eabi/11.3.1/../../../../arm-none-eabi/lib/thumb/v7e-m+fp/hard\libc_nano.a(libc_a-memset.o)
                0x0000000008005854                memset
 .text.__libc_init_array
                0x0000000008005864       0x48 C:/ST/STM32CubeIDE_1.13.1/STM32CubeIDE/plugins/com.st.stm32cube.ide.mcu.externaltools.gnu-tools-for-stm32.11.3.rel1.win32_1.1.0.202305231506/tools/bin/../lib/gcc/arm-none-eabi/11.3.1/../../../../arm-none-eabi/lib/thumb/v7e-m+fp/hard\libc_nano.a(libc_a-init.o)
                0x0000000008005864                __libc_init_array
 *(.glue_7)
 .glue_7        0x00000000080058ac        0x0 linker stubs
 *(.glue_7t)
 .glue_7t       0x00000000080058ac        0x0 linker stubs
 *(.eh_frame)
 .eh_frame      0x00000000080058ac        0x0 C:/ST/STM32CubeIDE_1.13.1/STM32CubeIDE/plugins/com.st.stm32cube.ide.mcu.externaltools.gnu-tools-for-stm32.11.3.rel1.win32_1.1.0.202305231506/tools/bin/../lib/gcc/arm-none-eabi/11.3.1/thumb/v7e-m+fp/hard/crtbegin.o
 *(.init)
 .init          0x00000000080058ac        0x4 C:/ST/STM32CubeIDE_1.13.1/STM32CubeIDE/plugins/com.st.stm32cube.ide.mcu.externaltools.gnu-tools-for-stm32.11.3.rel1.win32_1.1.0.202305231506/tools/bin/../lib/gcc/arm-none-eabi/11.3.1/thumb/v7e-m+fp/hard/crti.o
                0x00000000080058ac                _init
 .init          0x00000000080058b0        0x8 C:/ST/STM32CubeIDE_1.13.1/STM32CubeIDE/plugins/com.st.stm32cube.ide.mcu.externaltools.gnu-tools-for-stm32.11.3.rel1.win32_1.1.0.202305231506/tools/bin/../lib/gcc/arm-none-eabi/11.3.1/thumb/v7e-m+fp/hard/crtn.o
 *(.fini)
 .fini          0x00000000080058b8        0x4 C:/ST/STM32CubeIDE_1.13.1/STM32CubeIDE/plugins/com.st.stm32cube.ide.mcu.externaltools.gnu-tools-for-stm32.11.3.rel1.win32_1.1.0.202305231506/tools/bin/../lib/gcc/arm-none-eabi/11.3.1/thumb/v7e-m+fp/hard/crti.o
                0x00000000080058b8                _fini
 .fini          0x00000000080058bc        0x8 C:/ST/STM32CubeIDE_1.13.1/STM32CubeIDE/plugins/com.st.stm32cube.ide.mcu.externaltools.gnu-tools-for-stm32.11.3.rel1.win32_1.1.0.202305231506/tools/bin/../lib/gcc/arm-none-eabi/11.3.1/thumb/v7e-m+fp/hard/crtn.o
                0x00000000080058c4                . = ALIGN (0x4)
                0x00000000080058c4                _etext = .

.vfp11_veneer   0x00000000080058c4        0x0
 .vfp11_veneer  0x00000000080058c4        0x0 linker stubs

.v4_bx          0x00000000080058c4        0x0
 .v4_bx         0x00000000080058c4        0x0 linker stubs

.iplt           0x00000000080058c4        0x0
 .iplt          0x00000000080058c4        0x0 C:/ST/STM32CubeIDE_1.13.1/STM32CubeIDE/plugins/com.st.stm32cube.ide.mcu.externaltools.gnu-tools-for-stm32.11.3.rel1.win32_1.1.0.202305231506/tools/bin/../lib/gcc/arm-none-eabi/11.3.1/thumb/v7e-m+fp/hard/crtbegin.o

.rodata         0x00000000080058c4       0x60
                0x00000000080058c4                . = ALIGN (0x4)
 *(.rodata)
 .rodata        0x00000000080058c4       0x11 ./Core/Src/PMDB16_LCD.o
 *fill*         0x00000000080058d5        0x3 
 .rodata        0x00000000080058d8        0xc ./Core/Src/main.o
 *(.rodata*)
 .rodata.keymap
                0x00000000080058e4       0x10 ./Core/Src/main.o
                0x00000000080058e4                keymap
 .rodata.rows_pin
                0x00000000080058f4        0x8 ./Core/Src/main.o
                0x00000000080058f4                rows_pin
 .rodata.columns_pin
                0x00000000080058fc        0x8 ./Core/Src/main.o
                0x00000000080058fc                columns_pin
 .rodata.AHBPrescTable
                0x0000000008005904       0x10 ./Core/Src/system_stm32f4xx.o
                0x0000000008005904                AHBPrescTable
 .rodata.APBPrescTable
                0x0000000008005914        0x8 ./Core/Src/system_stm32f4xx.o
                0x0000000008005914                APBPrescTable
 .rodata.flagBitshiftOffset.0
                0x000000000800591c        0x8 ./Drivers/STM32F4xx_HAL_Driver/Src/stm32f4xx_hal_dma.o
                0x0000000008005924                . = ALIGN (0x4)

.ARM.extab      0x0000000008005924        0x0
                0x0000000008005924                . = ALIGN (0x4)
 *(.ARM.extab* .gnu.linkonce.armextab.*)
                0x0000000008005924                . = ALIGN (0x4)

.ARM            0x0000000008005924        0x8
                0x0000000008005924                . = ALIGN (0x4)
                0x0000000008005924                __exidx_start = .
 *(.ARM.exidx*)
 .ARM.exidx     0x0000000008005924        0x8 C:/ST/STM32CubeIDE_1.13.1/STM32CubeIDE/plugins/com.st.stm32cube.ide.mcu.externaltools.gnu-tools-for-stm32.11.3.rel1.win32_1.1.0.202305231506/tools/bin/../lib/gcc/arm-none-eabi/11.3.1/thumb/v7e-m+fp/hard\libgcc.a(_udivmoddi4.o)
                0x000000000800592c                __exidx_end = .
                0x000000000800592c                . = ALIGN (0x4)

.rel.dyn        0x000000000800592c        0x0
 .rel.iplt      0x000000000800592c        0x0 C:/ST/STM32CubeIDE_1.13.1/STM32CubeIDE/plugins/com.st.stm32cube.ide.mcu.externaltools.gnu-tools-for-stm32.11.3.rel1.win32_1.1.0.202305231506/tools/bin/../lib/gcc/arm-none-eabi/11.3.1/thumb/v7e-m+fp/hard/crtbegin.o

.preinit_array  0x000000000800592c        0x0
                0x000000000800592c                . = ALIGN (0x4)
                0x000000000800592c                PROVIDE (__preinit_array_start = .)
 *(.preinit_array*)
                0x000000000800592c                PROVIDE (__preinit_array_end = .)
                0x000000000800592c                . = ALIGN (0x4)

.init_array     0x000000000800592c        0x4
                0x000000000800592c                . = ALIGN (0x4)
                0x000000000800592c                PROVIDE (__init_array_start = .)
 *(SORT_BY_NAME(.init_array.*))
 *(.init_array*)
 .init_array    0x000000000800592c        0x4 C:/ST/STM32CubeIDE_1.13.1/STM32CubeIDE/plugins/com.st.stm32cube.ide.mcu.externaltools.gnu-tools-for-stm32.11.3.rel1.win32_1.1.0.202305231506/tools/bin/../lib/gcc/arm-none-eabi/11.3.1/thumb/v7e-m+fp/hard/crtbegin.o
                0x0000000008005930                PROVIDE (__init_array_end = .)
                0x0000000008005930                . = ALIGN (0x4)

.fini_array     0x0000000008005930        0x4
                0x0000000008005930                . = ALIGN (0x4)
                [!provide]                        PROVIDE (__fini_array_start = .)
 *(SORT_BY_NAME(.fini_array.*))
 *(.fini_array*)
 .fini_array    0x0000000008005930        0x4 C:/ST/STM32CubeIDE_1.13.1/STM32CubeIDE/plugins/com.st.stm32cube.ide.mcu.externaltools.gnu-tools-for-stm32.11.3.rel1.win32_1.1.0.202305231506/tools/bin/../lib/gcc/arm-none-eabi/11.3.1/thumb/v7e-m+fp/hard/crtbegin.o
                [!provide]                        PROVIDE (__fini_array_end = .)
                0x0000000008005934                . = ALIGN (0x4)
                0x0000000008005934                _sidata = LOADADDR (.data)

.data           0x0000000020000000       0xf0 load address 0x0000000008005934
                0x0000000020000000                . = ALIGN (0x4)
                0x0000000020000000                _sdata = .
 *(.data)
 *(.data*)
 .data.CUSTOM_1_5
                0x0000000020000000        0x8 ./Core/Src/PMDB16_LCD.o
                0x0000000020000000                CUSTOM_1_5
 .data.CUSTOM_2_5
                0x0000000020000008        0x8 ./Core/Src/PMDB16_LCD.o
                0x0000000020000008                CUSTOM_2_5
 .data.CUSTOM_3_5
                0x0000000020000010        0x8 ./Core/Src/PMDB16_LCD.o
                0x0000000020000010                CUSTOM_3_5
 .data.CUSTOM_4_5
                0x0000000020000018        0x8 ./Core/Src/PMDB16_LCD.o
                0x0000000020000018                CUSTOM_4_5
 .data.CUSTOM_5_5
                0x0000000020000020        0x8 ./Core/Src/PMDB16_LCD.o
                0x0000000020000020                CUSTOM_5_5
 .data.allCombinedMatrices
                0x0000000020000028       0xb0 ./Core/Src/main.o
                0x0000000020000028                allCombinedMatrices
 .data.ir_msg   0x00000000200000d8        0x8 ./Core/Src/main.o
                0x00000000200000d8                ir_msg
 .data.board_type
                0x00000000200000e0        0x4 ./Core/Src/main.o
                0x00000000200000e0                board_type
 .data.SystemCoreClock
                0x00000000200000e4        0x4 ./Core/Src/system_stm32f4xx.o
                0x00000000200000e4                SystemCoreClock
 .data.uwTickPrio
                0x00000000200000e8        0x4 ./Drivers/STM32F4xx_HAL_Driver/Src/stm32f4xx_hal.o
                0x00000000200000e8                uwTickPrio
 .data.uwTickFreq
                0x00000000200000ec        0x1 ./Drivers/STM32F4xx_HAL_Driver/Src/stm32f4xx_hal.o
                0x00000000200000ec                uwTickFreq
 *(.RamFunc)
 *(.RamFunc*)
                0x00000000200000f0                . = ALIGN (0x4)
 *fill*         0x00000000200000ed        0x3 
                0x00000000200000f0                _edata = .

.igot.plt       0x00000000200000f0        0x0 load address 0x0000000008005a24
 .igot.plt      0x00000000200000f0        0x0 C:/ST/STM32CubeIDE_1.13.1/STM32CubeIDE/plugins/com.st.stm32cube.ide.mcu.externaltools.gnu-tools-for-stm32.11.3.rel1.win32_1.1.0.202305231506/tools/bin/../lib/gcc/arm-none-eabi/11.3.1/thumb/v7e-m+fp/hard/crtbegin.o
                0x00000000200000f0                . = ALIGN (0x4)

.bss            0x00000000200000f0      0x3b4 load address 0x0000000008005a24
                0x00000000200000f0                _sbss = .
                0x00000000200000f0                __bss_start__ = _sbss
 *(.bss)
 .bss           0x00000000200000f0       0x1c C:/ST/STM32CubeIDE_1.13.1/STM32CubeIDE/plugins/com.st.stm32cube.ide.mcu.externaltools.gnu-tools-for-stm32.11.3.rel1.win32_1.1.0.202305231506/tools/bin/../lib/gcc/arm-none-eabi/11.3.1/thumb/v7e-m+fp/hard/crtbegin.o
 *(.bss*)
 .bss._display_ctrl
                0x000000002000010c        0x1 ./Core/Src/PMDB16_LCD.o
                0x000000002000010c                _display_ctrl
 *fill*         0x000000002000010d        0x3 
 .bss.hspi1     0x0000000020000110       0x58 ./Core/Src/main.o
                0x0000000020000110                hspi1
 .bss.hdma_spi1_tx
                0x0000000020000168       0x60 ./Core/Src/main.o
                0x0000000020000168                hdma_spi1_tx
 .bss.htim2     0x00000000200001c8       0x48 ./Core/Src/main.o
                0x00000000200001c8                htim2
 .bss.htim3     0x0000000020000210       0x48 ./Core/Src/main.o
                0x0000000020000210                htim3
 .bss.htim4     0x0000000020000258       0x48 ./Core/Src/main.o
                0x0000000020000258                htim4
 .bss.htim5     0x00000000200002a0       0x48 ./Core/Src/main.o
                0x00000000200002a0                htim5
 .bss.htim9     0x00000000200002e8       0x48 ./Core/Src/main.o
                0x00000000200002e8                htim9
 .bss.htim10    0x0000000020000330       0x48 ./Core/Src/main.o
                0x0000000020000330                htim10
 .bss.huart1    0x0000000020000378       0x44 ./Core/Src/main.o
                0x0000000020000378                huart1
 .bss.huart2    0x00000000200003bc       0x44 ./Core/Src/main.o
                0x00000000200003bc                huart2
 .bss.keyboard_state
                0x0000000020000400       0x40 ./Core/Src/main.o
                0x0000000020000400                keyboard_state
 .bss.keyboard_state_old
                0x0000000020000440       0x40 ./Core/Src/main.o
                0x0000000020000440                keyboard_state_old
 .bss.row_idx   0x0000000020000480        0x4 ./Core/Src/main.o
                0x0000000020000480                row_idx
 .bss.col_idx   0x0000000020000484        0x4 ./Core/Src/main.o
                0x0000000020000484                col_idx
 .bss.check_counter
                0x0000000020000488        0x2 ./Core/Src/main.o
                0x0000000020000488                check_counter
 *fill*         0x000000002000048a        0x2 
 .bss.buffer    0x000000002000048c        0xa ./Core/Src/main.o
                0x000000002000048c                buffer
 .bss.position  0x0000000020000496        0x1 ./Core/Src/main.o
                0x0000000020000496                position
 *fill*         0x0000000020000497        0x1 
 .bss.ir_idx    0x0000000020000498        0x4 ./Core/Src/main.o
                0x0000000020000498                ir_idx
 .bss.tx_flag   0x000000002000049c        0x1 ./Core/Src/main.o
                0x000000002000049c                tx_flag
 .bss.receive_msg
                0x000000002000049d        0x1 ./Core/Src/main.o
                0x000000002000049d                receive_msg
 *fill*         0x000000002000049e        0x2 
 .bss.uwTick    0x00000000200004a0        0x4 ./Drivers/STM32F4xx_HAL_Driver/Src/stm32f4xx_hal.o
                0x00000000200004a0                uwTick
 *(COMMON)
                0x00000000200004a4                . = ALIGN (0x4)
                0x00000000200004a4                _ebss = .
                0x00000000200004a4                __bss_end__ = _ebss

._user_heap_stack
                0x00000000200004a4      0x604 load address 0x0000000008005a24
                0x00000000200004a8                . = ALIGN (0x8)
 *fill*         0x00000000200004a4        0x4 
                [!provide]                        PROVIDE (end = .)
                0x00000000200004a8                PROVIDE (_end = .)
                0x00000000200006a8                . = (. + _Min_Heap_Size)
 *fill*         0x00000000200004a8      0x200 
                0x0000000020000aa8                . = (. + _Min_Stack_Size)
 *fill*         0x00000000200006a8      0x400 
                0x0000000020000aa8                . = ALIGN (0x8)

/DISCARD/
 libc.a(*)
 libm.a(*)
 libgcc.a(*)

.ARM.attributes
                0x0000000000000000       0x30
 *(.ARM.attributes)
 .ARM.attributes
                0x0000000000000000       0x1e C:/ST/STM32CubeIDE_1.13.1/STM32CubeIDE/plugins/com.st.stm32cube.ide.mcu.externaltools.gnu-tools-for-stm32.11.3.rel1.win32_1.1.0.202305231506/tools/bin/../lib/gcc/arm-none-eabi/11.3.1/thumb/v7e-m+fp/hard/crti.o
 .ARM.attributes
                0x000000000000001e       0x34 C:/ST/STM32CubeIDE_1.13.1/STM32CubeIDE/plugins/com.st.stm32cube.ide.mcu.externaltools.gnu-tools-for-stm32.11.3.rel1.win32_1.1.0.202305231506/tools/bin/../lib/gcc/arm-none-eabi/11.3.1/thumb/v7e-m+fp/hard/crtbegin.o
 .ARM.attributes
                0x0000000000000052       0x34 ./Core/Src/PMDB16_LCD.o
 .ARM.attributes
                0x0000000000000086       0x34 ./Core/Src/main.o
 .ARM.attributes
                0x00000000000000ba       0x34 ./Core/Src/stm32f4xx_hal_msp.o
 .ARM.attributes
                0x00000000000000ee       0x34 ./Core/Src/stm32f4xx_it.o
 .ARM.attributes
                0x0000000000000122       0x34 ./Core/Src/system_stm32f4xx.o
 .ARM.attributes
                0x0000000000000156       0x21 ./Core/Startup/startup_stm32f401retx.o
 .ARM.attributes
                0x0000000000000177       0x34 ./Drivers/STM32F4xx_HAL_Driver/Src/stm32f4xx_hal.o
 .ARM.attributes
                0x00000000000001ab       0x34 ./Drivers/STM32F4xx_HAL_Driver/Src/stm32f4xx_hal_cortex.o
 .ARM.attributes
                0x00000000000001df       0x34 ./Drivers/STM32F4xx_HAL_Driver/Src/stm32f4xx_hal_dma.o
 .ARM.attributes
                0x0000000000000213       0x34 ./Drivers/STM32F4xx_HAL_Driver/Src/stm32f4xx_hal_gpio.o
 .ARM.attributes
                0x0000000000000247       0x34 ./Drivers/STM32F4xx_HAL_Driver/Src/stm32f4xx_hal_rcc.o
 .ARM.attributes
                0x000000000000027b       0x34 ./Drivers/STM32F4xx_HAL_Driver/Src/stm32f4xx_hal_spi.o
 .ARM.attributes
                0x00000000000002af       0x34 ./Drivers/STM32F4xx_HAL_Driver/Src/stm32f4xx_hal_tim.o
 .ARM.attributes
                0x00000000000002e3       0x34 ./Drivers/STM32F4xx_HAL_Driver/Src/stm32f4xx_hal_tim_ex.o
 .ARM.attributes
                0x0000000000000317       0x34 ./Drivers/STM32F4xx_HAL_Driver/Src/stm32f4xx_hal_uart.o
 .ARM.attributes
                0x000000000000034b       0x34 C:/ST/STM32CubeIDE_1.13.1/STM32CubeIDE/plugins/com.st.stm32cube.ide.mcu.externaltools.gnu-tools-for-stm32.11.3.rel1.win32_1.1.0.202305231506/tools/bin/../lib/gcc/arm-none-eabi/11.3.1/../../../../arm-none-eabi/lib/thumb/v7e-m+fp/hard\libc_nano.a(libc_a-memset.o)
 .ARM.attributes
                0x000000000000037f       0x34 C:/ST/STM32CubeIDE_1.13.1/STM32CubeIDE/plugins/com.st.stm32cube.ide.mcu.externaltools.gnu-tools-for-stm32.11.3.rel1.win32_1.1.0.202305231506/tools/bin/../lib/gcc/arm-none-eabi/11.3.1/../../../../arm-none-eabi/lib/thumb/v7e-m+fp/hard\libc_nano.a(libc_a-init.o)
 .ARM.attributes
                0x00000000000003b3       0x17 C:/ST/STM32CubeIDE_1.13.1/STM32CubeIDE/plugins/com.st.stm32cube.ide.mcu.externaltools.gnu-tools-for-stm32.11.3.rel1.win32_1.1.0.202305231506/tools/bin/../lib/gcc/arm-none-eabi/11.3.1/../../../../arm-none-eabi/lib/thumb/v7e-m+fp/hard\libc_nano.a(libc_a-strlen.o)
 .ARM.attributes
                0x00000000000003ca       0x1e C:/ST/STM32CubeIDE_1.13.1/STM32CubeIDE/plugins/com.st.stm32cube.ide.mcu.externaltools.gnu-tools-for-stm32.11.3.rel1.win32_1.1.0.202305231506/tools/bin/../lib/gcc/arm-none-eabi/11.3.1/thumb/v7e-m+fp/hard\libgcc.a(_aeabi_uldivmod.o)
 .ARM.attributes
                0x00000000000003e8       0x34 C:/ST/STM32CubeIDE_1.13.1/STM32CubeIDE/plugins/com.st.stm32cube.ide.mcu.externaltools.gnu-tools-for-stm32.11.3.rel1.win32_1.1.0.202305231506/tools/bin/../lib/gcc/arm-none-eabi/11.3.1/thumb/v7e-m+fp/hard\libgcc.a(_udivmoddi4.o)
 .ARM.attributes
                0x000000000000041c       0x1e C:/ST/STM32CubeIDE_1.13.1/STM32CubeIDE/plugins/com.st.stm32cube.ide.mcu.externaltools.gnu-tools-for-stm32.11.3.rel1.win32_1.1.0.202305231506/tools/bin/../lib/gcc/arm-none-eabi/11.3.1/thumb/v7e-m+fp/hard\libgcc.a(_dvmd_tls.o)
 .ARM.attributes
                0x000000000000043a       0x1e C:/ST/STM32CubeIDE_1.13.1/STM32CubeIDE/plugins/com.st.stm32cube.ide.mcu.externaltools.gnu-tools-for-stm32.11.3.rel1.win32_1.1.0.202305231506/tools/bin/../lib/gcc/arm-none-eabi/11.3.1/thumb/v7e-m+fp/hard/crtn.o
OUTPUT(Homework_10_IR_Loopback.elf elf32-littlearm)
LOAD linker stubs
LOAD C:/ST/STM32CubeIDE_1.13.1/STM32CubeIDE/plugins/com.st.stm32cube.ide.mcu.externaltools.gnu-tools-for-stm32.11.3.rel1.win32_1.1.0.202305231506/tools/bin/../lib/gcc/arm-none-eabi/11.3.1/../../../../arm-none-eabi/lib/thumb/v7e-m+fp/hard\libc.a
LOAD C:/ST/STM32CubeIDE_1.13.1/STM32CubeIDE/plugins/com.st.stm32cube.ide.mcu.externaltools.gnu-tools-for-stm32.11.3.rel1.win32_1.1.0.202305231506/tools/bin/../lib/gcc/arm-none-eabi/11.3.1/../../../../arm-none-eabi/lib/thumb/v7e-m+fp/hard\libm.a
LOAD C:/ST/STM32CubeIDE_1.13.1/STM32CubeIDE/plugins/com.st.stm32cube.ide.mcu.externaltools.gnu-tools-for-stm32.11.3.rel1.win32_1.1.0.202305231506/tools/bin/../lib/gcc/arm-none-eabi/11.3.1/thumb/v7e-m+fp/hard\libgcc.a

.comment        0x0000000000000000       0x43
 .comment       0x0000000000000000       0x43 C:/ST/STM32CubeIDE_1.13.1/STM32CubeIDE/plugins/com.st.stm32cube.ide.mcu.externaltools.gnu-tools-for-stm32.11.3.rel1.win32_1.1.0.202305231506/tools/bin/../lib/gcc/arm-none-eabi/11.3.1/thumb/v7e-m+fp/hard/crtbegin.o
                                         0x44 (size before relaxing)
 .comment       0x0000000000000043       0x44 ./Core/Src/PMDB16_LCD.o
 .comment       0x0000000000000043       0x44 ./Core/Src/main.o
 .comment       0x0000000000000043       0x44 ./Core/Src/stm32f4xx_hal_msp.o
 .comment       0x0000000000000043       0x44 ./Core/Src/stm32f4xx_it.o
 .comment       0x0000000000000043       0x44 ./Core/Src/system_stm32f4xx.o
 .comment       0x0000000000000043       0x44 ./Drivers/STM32F4xx_HAL_Driver/Src/stm32f4xx_hal.o
 .comment       0x0000000000000043       0x44 ./Drivers/STM32F4xx_HAL_Driver/Src/stm32f4xx_hal_cortex.o
 .comment       0x0000000000000043       0x44 ./Drivers/STM32F4xx_HAL_Driver/Src/stm32f4xx_hal_dma.o
 .comment       0x0000000000000043       0x44 ./Drivers/STM32F4xx_HAL_Driver/Src/stm32f4xx_hal_gpio.o
 .comment       0x0000000000000043       0x44 ./Drivers/STM32F4xx_HAL_Driver/Src/stm32f4xx_hal_rcc.o
 .comment       0x0000000000000043       0x44 ./Drivers/STM32F4xx_HAL_Driver/Src/stm32f4xx_hal_spi.o
 .comment       0x0000000000000043       0x44 ./Drivers/STM32F4xx_HAL_Driver/Src/stm32f4xx_hal_tim.o
 .comment       0x0000000000000043       0x44 ./Drivers/STM32F4xx_HAL_Driver/Src/stm32f4xx_hal_tim_ex.o
 .comment       0x0000000000000043       0x44 ./Drivers/STM32F4xx_HAL_Driver/Src/stm32f4xx_hal_uart.o

.debug_info     0x0000000000000000     0xf7a9
 .debug_info    0x0000000000000000      0x6e9 ./Core/Src/PMDB16_LCD.o
 .debug_info    0x00000000000006e9     0x1c39 ./Core/Src/main.o
 .debug_info    0x0000000000002322     0x1337 ./Core/Src/stm32f4xx_hal_msp.o
 .debug_info    0x0000000000003659      0xa05 ./Core/Src/stm32f4xx_it.o
 .debug_info    0x000000000000405e      0x53e ./Core/Src/system_stm32f4xx.o
 .debug_info    0x000000000000459c       0x23 ./Core/Startup/startup_stm32f401retx.o
 .debug_info    0x00000000000045bf      0x8bb ./Drivers/STM32F4xx_HAL_Driver/Src/stm32f4xx_hal.o
 .debug_info    0x0000000000004e7a      0xcb0 ./Drivers/STM32F4xx_HAL_Driver/Src/stm32f4xx_hal_cortex.o
 .debug_info    0x0000000000005b2a      0x8e6 ./Drivers/STM32F4xx_HAL_Driver/Src/stm32f4xx_hal_dma.o
 .debug_info    0x0000000000006410      0x6f9 ./Drivers/STM32F4xx_HAL_Driver/Src/stm32f4xx_hal_gpio.o
 .debug_info    0x0000000000006b09      0x8f3 ./Drivers/STM32F4xx_HAL_Driver/Src/stm32f4xx_hal_rcc.o
 .debug_info    0x00000000000073fc     0x1606 ./Drivers/STM32F4xx_HAL_Driver/Src/stm32f4xx_hal_spi.o
 .debug_info    0x0000000000008a02     0x2941 ./Drivers/STM32F4xx_HAL_Driver/Src/stm32f4xx_hal_tim.o
 .debug_info    0x000000000000b343     0x14a7 ./Drivers/STM32F4xx_HAL_Driver/Src/stm32f4xx_hal_tim_ex.o
 .debug_info    0x000000000000c7ea     0x2fbf ./Drivers/STM32F4xx_HAL_Driver/Src/stm32f4xx_hal_uart.o

.debug_abbrev   0x0000000000000000     0x2157
 .debug_abbrev  0x0000000000000000      0x1d8 ./Core/Src/PMDB16_LCD.o
 .debug_abbrev  0x00000000000001d8      0x363 ./Core/Src/main.o
 .debug_abbrev  0x000000000000053b      0x25e ./Core/Src/stm32f4xx_hal_msp.o
 .debug_abbrev  0x0000000000000799      0x1c9 ./Core/Src/stm32f4xx_it.o
 .debug_abbrev  0x0000000000000962      0x11a ./Core/Src/system_stm32f4xx.o
 .debug_abbrev  0x0000000000000a7c       0x12 ./Core/Startup/startup_stm32f401retx.o
 .debug_abbrev  0x0000000000000a8e      0x24b ./Drivers/STM32F4xx_HAL_Driver/Src/stm32f4xx_hal.o
 .debug_abbrev  0x0000000000000cd9      0x327 ./Drivers/STM32F4xx_HAL_Driver/Src/stm32f4xx_hal_cortex.o
 .debug_abbrev  0x0000000000001000      0x221 ./Drivers/STM32F4xx_HAL_Driver/Src/stm32f4xx_hal_dma.o
 .debug_abbrev  0x0000000000001221      0x1d3 ./Drivers/STM32F4xx_HAL_Driver/Src/stm32f4xx_hal_gpio.o
 .debug_abbrev  0x00000000000013f4      0x2b5 ./Drivers/STM32F4xx_HAL_Driver/Src/stm32f4xx_hal_rcc.o
 .debug_abbrev  0x00000000000016a9      0x280 ./Drivers/STM32F4xx_HAL_Driver/Src/stm32f4xx_hal_spi.o
 .debug_abbrev  0x0000000000001929      0x284 ./Drivers/STM32F4xx_HAL_Driver/Src/stm32f4xx_hal_tim.o
 .debug_abbrev  0x0000000000001bad      0x28f ./Drivers/STM32F4xx_HAL_Driver/Src/stm32f4xx_hal_tim_ex.o
 .debug_abbrev  0x0000000000001e3c      0x31b ./Drivers/STM32F4xx_HAL_Driver/Src/stm32f4xx_hal_uart.o

.debug_aranges  0x0000000000000000      0xf58
 .debug_aranges
                0x0000000000000000       0xa0 ./Core/Src/PMDB16_LCD.o
 .debug_aranges
                0x00000000000000a0       0xf8 ./Core/Src/main.o
 .debug_aranges
                0x0000000000000198       0x58 ./Core/Src/stm32f4xx_hal_msp.o
 .debug_aranges
                0x00000000000001f0       0x98 ./Core/Src/stm32f4xx_it.o
 .debug_aranges
                0x0000000000000288       0x28 ./Core/Src/system_stm32f4xx.o
 .debug_aranges
                0x00000000000002b0       0x28 ./Core/Startup/startup_stm32f401retx.o
 .debug_aranges
                0x00000000000002d8       0xf0 ./Drivers/STM32F4xx_HAL_Driver/Src/stm32f4xx_hal.o
 .debug_aranges
                0x00000000000003c8      0x118 ./Drivers/STM32F4xx_HAL_Driver/Src/stm32f4xx_hal_cortex.o
 .debug_aranges
                0x00000000000004e0       0x90 ./Drivers/STM32F4xx_HAL_Driver/Src/stm32f4xx_hal_dma.o
 .debug_aranges
                0x0000000000000570       0x58 ./Drivers/STM32F4xx_HAL_Driver/Src/stm32f4xx_hal_gpio.o
 .debug_aranges
                0x00000000000005c8       0x88 ./Drivers/STM32F4xx_HAL_Driver/Src/stm32f4xx_hal_rcc.o
 .debug_aranges
                0x0000000000000650      0x1d0 ./Drivers/STM32F4xx_HAL_Driver/Src/stm32f4xx_hal_spi.o
 .debug_aranges
                0x0000000000000820      0x3d0 ./Drivers/STM32F4xx_HAL_Driver/Src/stm32f4xx_hal_tim.o
 .debug_aranges
                0x0000000000000bf0      0x168 ./Drivers/STM32F4xx_HAL_Driver/Src/stm32f4xx_hal_tim_ex.o
 .debug_aranges
                0x0000000000000d58      0x200 ./Drivers/STM32F4xx_HAL_Driver/Src/stm32f4xx_hal_uart.o

.debug_rnglists
                0x0000000000000000      0xc0d
 .debug_rnglists
                0x0000000000000000       0x75 ./Core/Src/PMDB16_LCD.o
 .debug_rnglists
                0x0000000000000075       0xc0 ./Core/Src/main.o
 .debug_rnglists
                0x0000000000000135       0x41 ./Core/Src/stm32f4xx_hal_msp.o
 .debug_rnglists
                0x0000000000000176       0x6d ./Core/Src/stm32f4xx_it.o
 .debug_rnglists
                0x00000000000001e3       0x1a ./Core/Src/system_stm32f4xx.o
 .debug_rnglists
                0x00000000000001fd       0x19 ./Core/Startup/startup_stm32f401retx.o
 .debug_rnglists
                0x0000000000000216       0xaf ./Drivers/STM32F4xx_HAL_Driver/Src/stm32f4xx_hal.o
 .debug_rnglists
                0x00000000000002c5       0xce ./Drivers/STM32F4xx_HAL_Driver/Src/stm32f4xx_hal_cortex.o
 .debug_rnglists
                0x0000000000000393       0x70 ./Drivers/STM32F4xx_HAL_Driver/Src/stm32f4xx_hal_dma.o
 .debug_rnglists
                0x0000000000000403       0x3f ./Drivers/STM32F4xx_HAL_Driver/Src/stm32f4xx_hal_gpio.o
 .debug_rnglists
                0x0000000000000442       0x66 ./Drivers/STM32F4xx_HAL_Driver/Src/stm32f4xx_hal_rcc.o
 .debug_rnglists
                0x00000000000004a8      0x16f ./Drivers/STM32F4xx_HAL_Driver/Src/stm32f4xx_hal_spi.o
 .debug_rnglists
                0x0000000000000617      0x31a ./Drivers/STM32F4xx_HAL_Driver/Src/stm32f4xx_hal_tim.o
 .debug_rnglists
                0x0000000000000931      0x125 ./Drivers/STM32F4xx_HAL_Driver/Src/stm32f4xx_hal_tim_ex.o
 .debug_rnglists
                0x0000000000000a56      0x1b7 ./Drivers/STM32F4xx_HAL_Driver/Src/stm32f4xx_hal_uart.o

.debug_macro    0x0000000000000000    0x16b09
 .debug_macro   0x0000000000000000      0x340 ./Core/Src/PMDB16_LCD.o
 .debug_macro   0x0000000000000340      0xaa8 ./Core/Src/PMDB16_LCD.o
 .debug_macro   0x0000000000000de8       0x22 ./Core/Src/PMDB16_LCD.o
 .debug_macro   0x0000000000000e0a       0x5b ./Core/Src/PMDB16_LCD.o
 .debug_macro   0x0000000000000e65       0x2a ./Core/Src/PMDB16_LCD.o
 .debug_macro   0x0000000000000e8f       0x94 ./Core/Src/PMDB16_LCD.o
 .debug_macro   0x0000000000000f23       0x43 ./Core/Src/PMDB16_LCD.o
 .debug_macro   0x0000000000000f66       0x34 ./Core/Src/PMDB16_LCD.o
 .debug_macro   0x0000000000000f9a      0x174 ./Core/Src/PMDB16_LCD.o
 .debug_macro   0x000000000000110e       0x16 ./Core/Src/PMDB16_LCD.o
 .debug_macro   0x0000000000001124       0x43 ./Core/Src/PMDB16_LCD.o
 .debug_macro   0x0000000000001167       0x57 ./Core/Src/PMDB16_LCD.o
 .debug_macro   0x00000000000011be       0x34 ./Core/Src/PMDB16_LCD.o
 .debug_macro   0x00000000000011f2       0x10 ./Core/Src/PMDB16_LCD.o
 .debug_macro   0x0000000000001202       0x58 ./Core/Src/PMDB16_LCD.o
 .debug_macro   0x000000000000125a       0x8e ./Core/Src/PMDB16_LCD.o
 .debug_macro   0x00000000000012e8       0x1c ./Core/Src/PMDB16_LCD.o
 .debug_macro   0x0000000000001304      0x177 ./Core/Src/PMDB16_LCD.o
 .debug_macro   0x000000000000147b      0x369 ./Core/Src/PMDB16_LCD.o
 .debug_macro   0x00000000000017e4       0x10 ./Core/Src/PMDB16_LCD.o
 .debug_macro   0x00000000000017f4       0x35 ./Core/Src/PMDB16_LCD.o
 .debug_macro   0x0000000000001829       0x20 ./Core/Src/PMDB16_LCD.o
 .debug_macro   0x0000000000001849       0x1c ./Core/Src/PMDB16_LCD.o
 .debug_macro   0x0000000000001865       0x10 ./Core/Src/PMDB16_LCD.o
 .debug_macro   0x0000000000001875       0x1c ./Core/Src/PMDB16_LCD.o
 .debug_macro   0x0000000000001891       0x16 ./Core/Src/PMDB16_LCD.o
 .debug_macro   0x00000000000018a7      0x147 ./Core/Src/PMDB16_LCD.o
 .debug_macro   0x00000000000019ee      0x2a1 ./Core/Src/PMDB16_LCD.o
 .debug_macro   0x0000000000001c8f       0x2e ./Core/Src/PMDB16_LCD.o
 .debug_macro   0x0000000000001cbd       0x28 ./Core/Src/PMDB16_LCD.o
 .debug_macro   0x0000000000001ce5      0x103 ./Core/Src/PMDB16_LCD.o
 .debug_macro   0x0000000000001de8       0x6a ./Core/Src/PMDB16_LCD.o
 .debug_macro   0x0000000000001e52      0x1df ./Core/Src/PMDB16_LCD.o
 .debug_macro   0x0000000000002031       0x1c ./Core/Src/PMDB16_LCD.o
 .debug_macro   0x000000000000204d       0x22 ./Core/Src/PMDB16_LCD.o
 .debug_macro   0x000000000000206f       0xd9 ./Core/Src/PMDB16_LCD.o
 .debug_macro   0x0000000000002148     0x102d ./Core/Src/PMDB16_LCD.o
 .debug_macro   0x0000000000003175      0x11f ./Core/Src/PMDB16_LCD.o
 .debug_macro   0x0000000000003294     0xb86c ./Core/Src/PMDB16_LCD.o
 .debug_macro   0x000000000000eb00       0x6d ./Core/Src/PMDB16_LCD.o
 .debug_macro   0x000000000000eb6d     0x367e ./Core/Src/PMDB16_LCD.o
 .debug_macro   0x00000000000121eb       0x56 ./Core/Src/PMDB16_LCD.o
 .debug_macro   0x0000000000012241      0x416 ./Core/Src/PMDB16_LCD.o
 .debug_macro   0x0000000000012657      0x9fe ./Core/Src/PMDB16_LCD.o
 .debug_macro   0x0000000000013055      0x115 ./Core/Src/PMDB16_LCD.o
 .debug_macro   0x000000000001316a       0xf8 ./Core/Src/PMDB16_LCD.o
 .debug_macro   0x0000000000013262       0xa5 ./Core/Src/PMDB16_LCD.o
 .debug_macro   0x0000000000013307      0x15f ./Core/Src/PMDB16_LCD.o
 .debug_macro   0x0000000000013466      0x287 ./Core/Src/PMDB16_LCD.o
 .debug_macro   0x00000000000136ed       0x5f ./Core/Src/PMDB16_LCD.o
 .debug_macro   0x000000000001374c      0x236 ./Core/Src/PMDB16_LCD.o
 .debug_macro   0x0000000000013982      0x132 ./Core/Src/PMDB16_LCD.o
 .debug_macro   0x0000000000013ab4      0x264 ./Core/Src/PMDB16_LCD.o
 .debug_macro   0x0000000000013d18       0x2e ./Core/Src/PMDB16_LCD.o
 .debug_macro   0x0000000000013d46      0x11a ./Core/Src/PMDB16_LCD.o
 .debug_macro   0x0000000000013e60       0x85 ./Core/Src/PMDB16_LCD.o
 .debug_macro   0x0000000000013ee5       0x89 ./Core/Src/PMDB16_LCD.o
 .debug_macro   0x0000000000013f6e      0x225 ./Core/Src/PMDB16_LCD.o
 .debug_macro   0x0000000000014193      0x8e6 ./Core/Src/PMDB16_LCD.o
 .debug_macro   0x0000000000014a79       0x47 ./Core/Src/PMDB16_LCD.o
 .debug_macro   0x0000000000014ac0      0x295 ./Core/Src/PMDB16_LCD.o
 .debug_macro   0x0000000000014d55      0x126 ./Core/Src/PMDB16_LCD.o
 .debug_macro   0x0000000000014e7b      0x337 ./Core/Src/main.o
 .debug_macro   0x00000000000151b2       0x8e ./Core/Src/main.o
 .debug_macro   0x0000000000015240       0x51 ./Core/Src/main.o
 .debug_macro   0x0000000000015291       0x5c ./Core/Src/main.o
 .debug_macro   0x00000000000152ed       0x40 ./Core/Src/main.o
 .debug_macro   0x000000000001532d       0x61 ./Core/Src/main.o
 .debug_macro   0x000000000001538e       0x70 ./Core/Src/main.o
 .debug_macro   0x00000000000153fe       0x22 ./Core/Src/main.o
 .debug_macro   0x0000000000015420      0x1e7 ./Core/Src/stm32f4xx_hal_msp.o
 .debug_macro   0x0000000000015607      0x1f1 ./Core/Src/stm32f4xx_it.o
 .debug_macro   0x00000000000157f8      0x1d8 ./Core/Src/system_stm32f4xx.o
 .debug_macro   0x00000000000159d0      0x238 ./Drivers/STM32F4xx_HAL_Driver/Src/stm32f4xx_hal.o
 .debug_macro   0x0000000000015c08      0x1d8 ./Drivers/STM32F4xx_HAL_Driver/Src/stm32f4xx_hal_cortex.o
 .debug_macro   0x0000000000015de0      0x1de ./Drivers/STM32F4xx_HAL_Driver/Src/stm32f4xx_hal_dma.o
 .debug_macro   0x0000000000015fbe      0x1de ./Drivers/STM32F4xx_HAL_Driver/Src/stm32f4xx_hal_gpio.o
 .debug_macro   0x000000000001619c      0x1fc ./Drivers/STM32F4xx_HAL_Driver/Src/stm32f4xx_hal_rcc.o
 .debug_macro   0x0000000000016398      0x1e7 ./Drivers/STM32F4xx_HAL_Driver/Src/stm32f4xx_hal_spi.o
 .debug_macro   0x000000000001657f      0x1d9 ./Drivers/STM32F4xx_HAL_Driver/Src/stm32f4xx_hal_tim.o
 .debug_macro   0x0000000000016758      0x1d8 ./Drivers/STM32F4xx_HAL_Driver/Src/stm32f4xx_hal_tim_ex.o
 .debug_macro   0x0000000000016930      0x1d9 ./Drivers/STM32F4xx_HAL_Driver/Src/stm32f4xx_hal_uart.o

.debug_line     0x0000000000000000    0x10c7d
 .debug_line    0x0000000000000000      0xb73 ./Core/Src/PMDB16_LCD.o
 .debug_line    0x0000000000000b73      0xfb9 ./Core/Src/main.o
 .debug_line    0x0000000000001b2c      0x96e ./Core/Src/stm32f4xx_hal_msp.o
 .debug_line    0x000000000000249a      0x8c8 ./Core/Src/stm32f4xx_it.o
 .debug_line    0x0000000000002d62      0x7df ./Core/Src/system_stm32f4xx.o
 .debug_line    0x0000000000003541       0x7a ./Core/Startup/startup_stm32f401retx.o
 .debug_line    0x00000000000035bb      0xa45 ./Drivers/STM32F4xx_HAL_Driver/Src/stm32f4xx_hal.o
 .debug_line    0x0000000000004000      0xcf4 ./Drivers/STM32F4xx_HAL_Driver/Src/stm32f4xx_hal_cortex.o
 .debug_line    0x0000000000004cf4      0xfa9 ./Drivers/STM32F4xx_HAL_Driver/Src/stm32f4xx_hal_dma.o
 .debug_line    0x0000000000005c9d      0xb7d ./Drivers/STM32F4xx_HAL_Driver/Src/stm32f4xx_hal_gpio.o
 .debug_line    0x000000000000681a      0xdbe ./Drivers/STM32F4xx_HAL_Driver/Src/stm32f4xx_hal_rcc.o
 .debug_line    0x00000000000075d8     0x1cd6 ./Drivers/STM32F4xx_HAL_Driver/Src/stm32f4xx_hal_spi.o
 .debug_line    0x00000000000092ae     0x350b ./Drivers/STM32F4xx_HAL_Driver/Src/stm32f4xx_hal_tim.o
 .debug_line    0x000000000000c7b9     0x19dd ./Drivers/STM32F4xx_HAL_Driver/Src/stm32f4xx_hal_tim_ex.o
 .debug_line    0x000000000000e196     0x2ae7 ./Drivers/STM32F4xx_HAL_Driver/Src/stm32f4xx_hal_uart.o

.debug_str      0x0000000000000000    0x8f1d3
 .debug_str     0x0000000000000000    0x8ac88 ./Core/Src/PMDB16_LCD.o
                                      0x8af35 (size before relaxing)
 .debug_str     0x000000000008ac88     0x162a ./Core/Src/main.o
                                      0x8c421 (size before relaxing)
 .debug_str     0x000000000008c2b2      0x105 ./Core/Src/stm32f4xx_hal_msp.o
                                      0x8833a (size before relaxing)
 .debug_str     0x000000000008c3b7      0x18f ./Core/Src/stm32f4xx_it.o
                                      0x87cad (size before relaxing)
 .debug_str     0x000000000008c546       0xdb ./Core/Src/system_stm32f4xx.o
                                      0x874e7 (size before relaxing)
 .debug_str     0x000000000008c621       0x34 ./Core/Startup/startup_stm32f401retx.o
                                         0x7f (size before relaxing)
 .debug_str     0x000000000008c655      0x5e1 ./Drivers/STM32F4xx_HAL_Driver/Src/stm32f4xx_hal.o
                                      0x87f09 (size before relaxing)
 .debug_str     0x000000000008cc36      0x327 ./Drivers/STM32F4xx_HAL_Driver/Src/stm32f4xx_hal_cortex.o
                                      0x87c2a (size before relaxing)
 .debug_str     0x000000000008cf5d      0x2e6 ./Drivers/STM32F4xx_HAL_Driver/Src/stm32f4xx_hal_dma.o
                                      0x878ef (size before relaxing)
 .debug_str     0x000000000008d243      0x110 ./Drivers/STM32F4xx_HAL_Driver/Src/stm32f4xx_hal_gpio.o
                                      0x87662 (size before relaxing)
 .debug_str     0x000000000008d353      0x21f ./Drivers/STM32F4xx_HAL_Driver/Src/stm32f4xx_hal_rcc.o
                                      0x8791b (size before relaxing)
 .debug_str     0x000000000008d572      0x541 ./Drivers/STM32F4xx_HAL_Driver/Src/stm32f4xx_hal_spi.o
                                      0x87d99 (size before relaxing)
 .debug_str     0x000000000008dab3      0xcdf ./Drivers/STM32F4xx_HAL_Driver/Src/stm32f4xx_hal_tim.o
                                      0x8884f (size before relaxing)
 .debug_str     0x000000000008e792      0x493 ./Drivers/STM32F4xx_HAL_Driver/Src/stm32f4xx_hal_tim_ex.o
                                      0x8806b (size before relaxing)
 .debug_str     0x000000000008ec25      0x5ae ./Drivers/STM32F4xx_HAL_Driver/Src/stm32f4xx_hal_uart.o
                                      0x87ea8 (size before relaxing)

.debug_frame    0x0000000000000000     0x40d8
 .debug_frame   0x0000000000000000      0x244 ./Core/Src/PMDB16_LCD.o
 .debug_frame   0x0000000000000244      0x3b8 ./Core/Src/main.o
 .debug_frame   0x00000000000005fc      0x130 ./Core/Src/stm32f4xx_hal_msp.o
 .debug_frame   0x000000000000072c      0x1c8 ./Core/Src/stm32f4xx_it.o
 .debug_frame   0x00000000000008f4       0x58 ./Core/Src/system_stm32f4xx.o
 .debug_frame   0x000000000000094c      0x374 ./Drivers/STM32F4xx_HAL_Driver/Src/stm32f4xx_hal.o
 .debug_frame   0x0000000000000cc0      0x498 ./Drivers/STM32F4xx_HAL_Driver/Src/stm32f4xx_hal_cortex.o
 .debug_frame   0x0000000000001158      0x250 ./Drivers/STM32F4xx_HAL_Driver/Src/stm32f4xx_hal_dma.o
 .debug_frame   0x00000000000013a8      0x14c ./Drivers/STM32F4xx_HAL_Driver/Src/stm32f4xx_hal_gpio.o
 .debug_frame   0x00000000000014f4      0x1f4 ./Drivers/STM32F4xx_HAL_Driver/Src/stm32f4xx_hal_rcc.o
 .debug_frame   0x00000000000016e8      0x824 ./Drivers/STM32F4xx_HAL_Driver/Src/stm32f4xx_hal_spi.o
 .debug_frame   0x0000000000001f0c     0x11bc ./Drivers/STM32F4xx_HAL_Driver/Src/stm32f4xx_hal_tim.o
 .debug_frame   0x00000000000030c8      0x638 ./Drivers/STM32F4xx_HAL_Driver/Src/stm32f4xx_hal_tim_ex.o
 .debug_frame   0x0000000000003700      0x92c ./Drivers/STM32F4xx_HAL_Driver/Src/stm32f4xx_hal_uart.o
 .debug_frame   0x000000000000402c       0x20 C:/ST/STM32CubeIDE_1.13.1/STM32CubeIDE/plugins/com.st.stm32cube.ide.mcu.externaltools.gnu-tools-for-stm32.11.3.rel1.win32_1.1.0.202305231506/tools/bin/../lib/gcc/arm-none-eabi/11.3.1/../../../../arm-none-eabi/lib/thumb/v7e-m+fp/hard\libc_nano.a(libc_a-memset.o)
 .debug_frame   0x000000000000404c       0x2c C:/ST/STM32CubeIDE_1.13.1/STM32CubeIDE/plugins/com.st.stm32cube.ide.mcu.externaltools.gnu-tools-for-stm32.11.3.rel1.win32_1.1.0.202305231506/tools/bin/../lib/gcc/arm-none-eabi/11.3.1/../../../../arm-none-eabi/lib/thumb/v7e-m+fp/hard\libc_nano.a(libc_a-init.o)
 .debug_frame   0x0000000000004078       0x2c C:/ST/STM32CubeIDE_1.13.1/STM32CubeIDE/plugins/com.st.stm32cube.ide.mcu.externaltools.gnu-tools-for-stm32.11.3.rel1.win32_1.1.0.202305231506/tools/bin/../lib/gcc/arm-none-eabi/11.3.1/thumb/v7e-m+fp/hard\libgcc.a(_aeabi_uldivmod.o)
 .debug_frame   0x00000000000040a4       0x34 C:/ST/STM32CubeIDE_1.13.1/STM32CubeIDE/plugins/com.st.stm32cube.ide.mcu.externaltools.gnu-tools-for-stm32.11.3.rel1.win32_1.1.0.202305231506/tools/bin/../lib/gcc/arm-none-eabi/11.3.1/thumb/v7e-m+fp/hard\libgcc.a(_udivmoddi4.o)

.debug_line_str
                0x0000000000000000       0x73
 .debug_line_str
                0x0000000000000000       0x73 ./Core/Startup/startup_stm32f401retx.o
                                         0x8b (size before relaxing)
