../Core/Src/main.c:90:6:debounce	16	static
../Core/Src/main.c:96:6:check_and_transmit_key	24	static
../Core/Src/main.c:117:6:scan_column	24	static
../Core/Src/main.c:145:6:HAL_TIM_PeriodElapsedCallback	16	static
../Core/Src/main.c:156:5:main	8	static
../Core/Src/main.c:202:6:SystemClock_Config	88	static
../Core/Src/main.c:249:13:MX_TIM2_Init	32	static
../Core/Src/main.c:294:13:MX_TIM3_Init	32	static
../Core/Src/main.c:339:13:MX_USART2_UART_Init	8	static
../Core/Src/main.c:372:13:MX_GPIO_Init	48	static
../Core/Src/main.c:422:6:Error_Handler	4	static,ignoring_inline_asm
