../Core/Src/main.c:93:6:HAL_TIM_PeriodElapsedCallback	24	static
../Core/Src/main.c:102:6:HAL_I2C_MasterRxCpltCallback	56	static
../Core/Src/main.c:121:5:main	16	static
../Core/Src/main.c:187:6:SystemClock_Config	88	static
../Core/Src/main.c:234:13:MX_I2C1_Init	8	static
../Core/Src/main.c:268:13:MX_TIM2_Init	32	static
../Core/Src/main.c:313:13:MX_USART2_UART_Init	8	static
../Core/Src/main.c:344:13:MX_DMA_Init	16	static
../Core/Src/main.c:365:13:MX_GPIO_Init	48	static
../Core/Src/main.c:405:6:Error_Handler	4	static,ignoring_inline_asm
